[   0.000]Iniaizingcgrupubsyscpet
[   00000] Initializing cgroup subsys cpu
[    0.000000] Initializing cgroup subsys cpuacct
[   00000] nux version 4.4.0-119-geneic(buildd@lcy01-amd64-013) (gcc version 5.4.0 20160609 (Ubuntu 5.4.0-6ubuntu1~16.04.9) ) #143-Ubuntu SMP Mon Apr 2 16:08:4 TC208 (Uun 4.4.0-119.143-generic 4.4.114)
[    0.000000] Command line: BOOT_IMAGE=/boot/vmlinuz-4.4.0-119-generic root=UUID=05ab3d0e-cbf0-4dfe-8238-fca526c3666f ro console=tty1 console=ttyS0
[    0.000000] KERNEL supported cpus:
[    0.000000]   Intel GenuineIntel
[    0.000000]   AMD AuthenticAMD
[    0.000000]   Centaur CentaurHauls
[    0.000000] x86/fpu: xstate_offset[2]:  576, xstate_sizes[2]:  256
[    0.000000] x86/fpu: Supporting XSAVE feature 0x01: 'x87 floating point registers'
[    0.000000] x86/fpu: Supporting XSAVE feature 0x02: 'SSE registers'
[    0.000000] x86/fpu: Supporting XSAVE feature 0x04: 'AVX registers'
[    0.000000] x86/fpu: Enabled xstate features 0x7, context size is 832 bytes, using 'standard' format.
[    0.000000] x86/fpu: Using 'lazy' FPU context switches.
[    0.000000] e820: BIOS-provided physical RAM map:
[    0.000000] BIOS-e820: [mem 0x0000000000000000-0x000000000009fbff] usable
[    0.000000] BIOS-e820: me0x000000009fc00-0x000000000009ffff] reserved
[    0.000000] BIOS-e820: [mem 0x00000000000f0000-0x00000000000fffff] reserved
[    0.000000] BIOS-e820: [mem 0x0000000001000-0x000007feff]ssable
[    0.000000] BIOS-e820: [mem 0x00000007f000-0x000000ffff] PI dta[   0.0000 BIO-e0:[me 0000000f000-0x00000000fec00fff] reserved
[  000000]BI-e20: emx00000ee00000-x00000fe00ff rserve
[  0.0000 BOS-e20 [m 0x0000ffc0000-x00000fffff] reserved[  0.000] X (Eecteisab) otecon: ctve
[  .000] BIS 5 esnt.    0.000] Hersor ette: KVM[  0.000 e220lat_fn = 0xff0 x_arh_n  0x00000
[   0.000] MT: sabled
[   0000] 6/PA MRs disabled, skipping PAT initialization too.
[    0.000000] CPU MTRRs all blank - virtualized system.
[    0.000000] x86/PAT: Configuration [0-7]: WB  WT  UC- UC  WB  WT  UC- UC  
[    0.000000] found SM M-tae  [mem 000ff0-00ffff] ppd t [fff00009f0
[    0.00000] aning 1 areas for low memory corruption
[    0.000000] RAMDISK: [mem 0x36200000-0x370f7fff]
[    0.000000] ACPI: Early table checksum verification disabled
[    0.0000]ACI: RSDP 0x00000000000E0000 000024 (v02 VBOX  )
[    0.000000] API XT 0x00007FFF00 003C (v01BO  VBOXXSD 00000 A  000006
   0.00000ACI: FACP 0x000000007FFF00F0 0000F4 (v04 VBOX   VBOXFACP 00000001 ASL  00000061)
[    0.000000] ACPI: DSDT 0x000000007FFF0470 0021FF (v02 VBOX   VBOXBIOS 00000002 INTL 20100528)
[    0.000000] ACPI: FACS 0x000000007FFF0200 000040
  0.00000ACP: FA 000000FFF0200040
  0.0000] PI API0x00007F0240 00005C (v02 VBOX   VBOXAPIC 00000001 ASL  00000061)
[    0.000000] ACPI: SSDT 0x00000007F02A0 001 (01 VX  VOXCPUT 00000002 INTL 20100528)
[    0.00000]o UMA nfuratin foun
    0000 Fakg noe at[m 000000000000-0000007feff]
[  00000] ODDAA(0)llatedme0xffeb0-7ffeff
[   0.0000kvm-oc Usig sr 4564d an 4564d0    0.0000] vm-cck cu 0, msr 0:7ffe3001, primary cpu clock
[    0.000000] kvm-clock: using sched offset of 6044200991 cycles
[    0.000000] clocksource: kvm-clock: mask: 0xffffffffffffffff max_cycles: 0x1cd42e4dffb, max_idle_ns: 881590591483 ns
[    0.000000] Zone ranges:
[    0.000000]   DMA      [mem 0x0000000000001000-0x0000000000ffffff]
[    0.000000]   DMA32    [mem 0x00000000010000-0000007efff]   0.000]  Norl  emty
  0.0000  evice  ept
[   0.000 Movleon stat r ach node
[   000000]ary emoryno rnges
[    0.000000]   node   0: mem x0000000000001000-0x000000000009efff]
[    .00000]   node   0: [mem 0x0000000000100000-0x0000007ffeffff]
[    0.000000] Initmem setup node 0 [mem 0x0000000001000-0x000000007ffeffff]
[    0.000000] ACPI: PM-Timer IO Prt: 0x4008
[    0.000000] IOAPIC[0]: apic_id 2, version 32, address 0xfec00000, GSI 0-23
[    0.000000] ACPI: INT_SRC_OV (bus 0 bu_i 0 global_irq 2 dfl dfl)
[    0.000000] ACPI: INT_SRC_OVR (bus 0 bus_irq 9 global_irq 9 low level)
[    0.000000] Using ACPI(MT)for SMP configuration informio
[    0.000000] smpboot: Allowing 2 CPUs, 0 hotplug CPUs[   0.000000] PM: Registered nosave memory: [mem 0x00000000-0x00000fff]
[    0.000000] PM: Registered nosave memory: [mem 0x0009f000-0x0009ffff]
[    0.000000] PM: Registered nosave memory: [mem 0x000a0000-0x000effff]
[    0.000000] PM: Registered nosave memory: [mem 0x000f0000-0x000fffff]
[    0.000000] e820: [mem 0x80000000-0xfebfffff] available for PCI devices
[    0.000000] Booting paravirtualized kernel onKVM
[    0.000000] clocksource: refined-jiffies: mask: 0xffffffff max_cycles: 0xffffffff, max_idle_ns: 7645519600211568 ns
[    0.000000] setup_percpu: NR_CPUS:512 nr_cpumask_bits:512 nr_cpu_ids:2 nr_node_ids:1
[    0.000000] PERCPU: Embedded 34 pags/u ffff88007fc00000 s99544 r8192 d31528 u1048576
[    0.000000] PV qspinlock hash table entries: 256 (order: 0, 4096 bytes)
[    0.000000] Built 1 zonelists in Node order, mobility grouping on.  Total pages: 515960
[    0.000000] Policy zone: DMA32
[    0.000000] Kernel command line: BOOT_IMAGE=/boot/vmlinuz-4.4.0-119-generic root=UUID=05ab3d0e-cbf0-4dfe-8238-fca526c3666f ro console=tty1 console=ttyS0
[    0.000000] PID hash table entries: 4096 (order: 3, 32768 bytes)
[    0.000000] Memory: 2029388K/2096696K available (8532K kernel code, 1313K rwdata, 3996K roda,508K ini, 16 bss, 67308K reserved, 0K cma-reserved)
[    0.000000] SLUB: HWalign=64, Order=0-3, MinObjects=0, CPUs=2, Nodes=1
[    0.000000] Kernel/User page tables isolation: enabled
[    0.000000] Hierarchica RU mplemetaion.
[    0.000000] 	Build-time adjustment of leaf fanout to 64.
[    0.000000] 	RCU restricting CPUs from NR_CPUS=512 to nr_cpu_ids=2.
[    0.000000] RCU: Adjusting geometry fo ru_fautlef=64, r_u_ds=2[  0.000 NR_RQ3324 nir:4406[  0.0000]onle: colr A+ 825
[  0.0000cool [y1 eabed[   0.00] coso [tyS0] enabled
[    0.000000] tsc: Detected 3200.008 MHz processor   8.402608] Calibrating delay loop (skipped) preset value.. 6400.01 BogoMIPS (lpj=12800032)
[    8.610958] pid_max: default: 32768 minimum: 301
[    8.691479] ACPI: Core revision 20150930
[    8.722907] ACPI: 2 ACPI AML tables successfully acquired and loaded
[    8.730926] Security Framework initialized
[    8.731728] Yama: becoming mindful.
[    8.732394] AppArmor: AppArmor initialized
[    8.737814] Dentry cache hash table entries: 262144 (order: 9, 2097152 bytes)
[    8.739401] Inode-cache hash table entries: 131072 (order: 8, 1048576 bytes)
[    8.742102] Mount-cache hash table entries: 4096 (order: 3, 32768 bytes)
[    8.749271] Mountpoint-cache hash table entries: 4096 (order: 3, 32768 bytes)
[    8.760949] Initializing cgroup subsys io
[    8.761925] Initializing cgroup subsys memory
[    8.762912] Initializing cgroup subsys devices
[    8.763979] Initializing cgroup subsys freezer
[    8.765223] Initializing cgroup subsys net_cls
[    8.766215] Initializing cgroup subsys perf_event
[    8.767271] Initializing cgroup subsys net_prio
[    8.771560] Initializing cgroup subsys hugetlb
[    8.779100] Initializing cgroup subsys pids
[    8.779953] CPU: Physical Processor ID: 0
[    8.828004] CPU: Processor Core ID: 0
[    8.828660] FEATURE SPEC_CTRL Not Present
[    8.830113] mce: CPU supports 0 MCE banks
[    8.830836] Last level iTLB entries: 4KB 1024, 2MB 1024, 4MB 1024
[    8.835212] Last level dTLB entries: 4KB 1024, 2MB 1024, 4MB 1024, 1GB 4
[    8.847642] Spectre V2 mitigation: Mitigation: Full generic retpoline
[    8.851509] Spectre V2 mitigation: Speculation control IBPB not-supported IBRS not-supported
[    8.911761] Freeing SMP alternatives memory: 32K
[    8.927308] ftrace: allocating 32195 entries in 126 pages
[    8.981935] smpboot: APIC(0) Converting physical 0 to logical package 0
[    8.995772] smpboot: Max logical packages: 1
[    8.996735] x2apic enabled
[    8.997569] Switched APIC routing to physical x2apic.
[    9.052564] ..TIMER: vector=0x30 apic1=0 pin1=2 apic2=-1 pin2=-1
[    9.190674] smpboot: CPU0: Intel(R) Core(TM) i5-4460  CPU @ 3.20GHz (family: 0x6, model: 0x3c, stepping: 0x3)
[    9.300333] Performance Events: unsupported p6 CPU model 60 no PMU driver, software events only.
[    9.312504] KVM setup paravirtual spinlock
[    9.314880] x86: Booting SMP configuration:
[    9.396140] .... node  #0, CPUs:      #1
[    9.424311] kvm-clock: cpu 1, msr 0:7ffe3041, secondary cpu clock
[    9.459316] mce: CPU supports 0 MCE banks
[    9.461763] x86: Booted up 1 node, 2 CPUs
[    9.462630] smpboot: Total of 2 processors activated (12800.03 BogoMIPS)
[    9.463972] devtmpfs: initialized
[    9.476567] evm: security.selinux
[    9.477172] evm: security.SMACK64
[    9.477785] evm: security.SMACK64EXEC
[    9.478423] evm: security.SMACK64TRANSMUTE
[    9.479118] evm: security.SMACK64MMAP
[    9.490663] evm: security.ima
[    9.491249] evm: security.capability
[    9.492070] clocksource: jiffies: mask: 0xffffffff max_cycles: 0xffffffff, max_idle_ns: 7645041785100000 ns
[    9.503584] futex hash table entries: 512 (order: 3, 32768 bytes)
[    9.508554] pinctrl core: initialized pinctrl subsystem
[    9.509504] RTC time:  8:26:26, date: 04/13/18
[    9.510382] NET: Registered protocol family 16
[    9.522878] cpuidle: using governor ladder
[    9.548032] cpuidle: using governor menu
[    9.581363] PCCT header not found.
[    9.582036] ACPI: bus type PCI registered
[    9.661891] acpiphp: ACPI Hot Plug PCI Controller Driver version: 0.5
[    9.663014] PCI: Using configuration type 1 for base access
[    9.676374] ACPI: Added _OSI(Module Device)
[    9.685081] ACPI: Added _OSI(Processor Device)
[    9.685816] ACPI: Added _OSI(3.0 _SCP Extensions)
[    9.686609] ACPI: Added _OSI(Processor Aggregator Device)
[    9.688268] ACPI: Executed 1 blocks of module-level executable AML code
[    9.691255] ACPI: Interpreter enabled
[    9.703081] ACPI: (supports S0 S5)
[    9.703740] ACPI: Using IOAPIC for interrupt routing
[    9.744799] PCI: Using host bridge windows from ACPI; if necessary, use "pci=nocrs" and report a bug
[    9.761444] ACPI: PCI Root Bridge [PCI0] (domain 0000 [bus 00-ff])
[    9.824611] acpi PNP0A03:00: _OSC: OS supports [ASPM ClockPM Segments MSI]
[    9.834837] acpi PNP0A03:00: _OSC: not requesting OS control; OS requires [ExtendedConfig ASPM ClockPM MSI]
[    9.844372] acpi PNP0A03:00: fail to add MMCONFIG information, can't access extended PCI configuration space under this bridge.
[    9.932962] PCI host bridge to bus 0000:00
[    9.939976] pci_bus 0000:00: root bus resource [io  0x0000-0x0cf7 window]
[    9.959303] pci_bus 0000:00: root bus resource [io  0x0d00-0xffff window]
[    9.967631] pci_bus 0000:00: root bus resource [mem 0x000a0000-0x000bffff window]
[    9.979350] pci_bus 0000:00: root bus resource [mem 0x80000000-0xfdffffff window]
[    9.980609] pci_bus 0000:00: root bus resource [bus 00-ff]
[    9.982986] pci 0000:00:01.1: legacy IDE quirk: reg 0x10: [io  0x01f0-0x01f7]
[   10.009656] pci 0000:00:01.1: legacy IDE quirk: reg 0x14: [io  0x03f6]
[   10.010680] pci 0000:00:01.1: legacy IDE quirk: reg 0x18: [io  0x0170-0x0177]
[   10.020041] pci 0000:00:01.1: legacy IDE quirk: reg 0x1c: [io  0x0376]
[   10.079719] pci 0000:00:07.0: quirk: [io  0x4000-0x403f] claimed by PIIX4 ACPI
[   10.196307] pci 0000:00:07.0: quirk: [io  0x4100-0x410f] claimed by PIIX4 SMB
[   10.226635] ACPI: PCI Interrupt Link [LNKA] (IRQs 5 9 10 *11)
[   10.247275] ACPI: PCI Interrupt Link [LNKB] (IRQs 5 9 *10 11)
[   10.248543] ACPI: PCI Interrupt Link [LNKC] (IRQs 5 *9 10 11)
[   10.249842] ACPI: PCI Interrupt Link [LNKD] (IRQs 5 9 10 *11)
[   10.251200] ACPI: Enabled 2 GPEs in block 00 to 07
[   10.252365] vgaarb: setting as boot device: PCI:0000:00:02.0
[   10.312115] vgaarb: device added: PCI:0000:00:02.0,decodes=io+mem,owns=io+mem,locks=none
[   10.313420] vgaarb: loaded
[   10.313966] vgaarb: bridge control possible 0000:00:02.0
[   10.426820] SCSI subsystem initialized
[   10.525671] ACPI: bus type USB registered
[   10.611292] usbcore: registered new interface driver usbfs
[   10.614710] usbcore: registered new interface driver hub
[   10.664296] usbcore: registered new device driver usb
[   10.677714] PCI: Using ACPI for IRQ routing
[   10.691855] NetLabel: Initializing
[   10.692496] NetLabel:  domain hash size = 128
[   10.693195] NetLabel:  protocols = UNLABELED CIPSOv4
[   10.694045] NetLabel:  unlabeled traffic allowed by default
[   10.768716] amd_nb: Cannot enumerate AMD northbridges
[   10.858695] clocksource: Switched to clocksource kvm-clock
[   10.867170] AppArmor: AppArmor Filesystem Enabled
[   10.873904] pnp: PnP ACPI init
[   10.875189] pnp: PnP ACPI: found 3 devices
[ 10.878] loksurce: acpi_pm: mask: 0xffffff ma_cyle: ffffmaid_n 25702ns[  1.654 N: gier protol amly2
[  .036] CPstlihe hash table entries: 16384 (order: 5,1372yte
[   124256TCbi hh tblenie: 1634 rd:  214bys)[   13.290011] TCP: Hash tables confguedesblhe1684in164)
  3.768] P sh table entries: 1024 (order: 3, 32768 bytes)
[   13.952780] UDP-Lite hash tblenri: 24(ode 33268yt)  4.428] NT:egted rooc fmi 1
[   .988 pi 000000: miin drect PCI/PCI transfers
[   15.359254] pci 0000:00:01.0: Activating ISA DMA hang workarounds
[   15.360359] Unpacking initramfs...

[ 15785]rengnid emory:53K[ 16602]APPMdect, I its -3Joes4 xecote 1737424msvftir[  1.122 hunt  daippco 20 ous
[   17.768099] hw unit of domain package 2^-0 Joules
[   17.810858] hw unit of domain dram 2^-0 Joules
[   17.811572] hw unit of domain pp1-gpu 2^-0 Joules
[   17.812419] platform rtc_cmos: registered platform RTC device (no PNP device found)
[   17.813712] Scanning for low memory corruption every 60 seconds
[   17.815131] audit: initializing netlink subsys (disabled)
[   17.851584] audit: type=2000 audit(1523607991.966:1): initialized
[   17.852769] Initialise system trusted keyring
[   17.853705] HugeTLB registered 2 MB page size, pre-allocated 0 pages
[   17.920949] zbud: loaded
[   17.939963] VFS: Disk quotas dquot_6.6.0
[   17.967537] VFS: Dquot-cache hash table entries: 512 (order 0, 4096 bytes)
[   17.968770] squashfs: version 4.0 (2009/01/31) Phillip Lougher
[   .997] seni (PIveio 723
[   18.355180] Key type big_key registered
[   18.446226] Allocating IMA MOK and blacklist keyrings.
[   18.580616] Key type asymmetric registered
[   18.660397] Asymmetric key parser 'x509' registered
[   18.676844] Block layer SCSI generic (bsg) driver version 0.4 loaded (major 249)
[   18.794876] io scheduler noop registered
[   18.811149] tsc: Refined TSC clocksource calibration: 3200.669 MHz
[   18.811151] clocksource: tsc: mask: 0xffffffffffffffff max_cycles: 0x2e22c1fc904, max_idle_ns: 440795242985 ns
[   19.238371] io scheduler deadline registered (default)
[   19.239310] io scheduler cfq registered
[   19.242310] pci_hotplug: PCI Hot Plug PCI Core version: 0.5
[   19.244707] pciehp: PCI Express Hot Plug Controller Driver version: 0.4
[   19.246950] ACPI: AC Adapter [AC] (on-line)
[   19.247781] input: Power Button as /devices/LNXSYSTM:00/LNXPWRBN:00/input/input0
[   19.325002] ACPI: Power Button [PWRF]
[   19.333335] input: Sleep Button as /devices/LNXSYSTM:00/LNXSLPBN:00/input/input1
[   19.409421] ACPI: Sleep Button [SLPF]
[   19.412068] GHES: HEST is not enabled!
[   19.441759] Serial: 8250/16550 driver, 32 ports, IRQ sharing enabled
ÿ[   19.627164] 00:02: ttyS0 at I/O 0x3f8 (irq = 4, base_baud = 115200) is a 16550A
[   19.748388] Linux agpgart interface v0.103
[   19.843674] loop: module loaded
[   19.907664] scsi host0: ata_piix
[   19.985206] scsi host1: ata_piix
[   20.062209] ata1: PATA max UDMA/33 cmd 0x1f0 ctl 0x3f6 bmdma 0xd000 irq 14
[   20.205891] ata2: PATA max UDMA/33 cmd 0x170 ctl 0x376 bmdma 0xd008 irq 15
[   20.383731] libphy: Fixed MDIO Bus: probed
[   20.439580] tun: Universal TUN/TAP device driver, 1.6
[   20.491140] tun: (C) 1999-2004 Max Krasnyansky <maxk@qualcomm.com>
[   20.658391] PPP generic driver version 2.4.2
[   20.680438] ehci_hcd: USB 2.0 'Enhanced' Host Controller (EHCI) Driver
[   20.766000] ehci-pci: EHCI PCI platform driver
[   20.766755] ehci-platform: EHCI generic platform driver
[   20.776390] ohci_hcd: USB 1.1 'Open' Host Controller (OHCI) Driver
[   20.816951] ohci-pci: OHCI PCI platform driver
[   20.858222] ohci-platform: OHCI generic platform driver
[   20.885887] uhci_hcd: USB Universal Host Controller Interface driver
[   20.886946] i8042: PNP: PS/2 Controller [PNP0303:PS2K,PNP0f03:PS2M] at 0x60,0x64 irq 1,12
[   20.901710] serio: i8042 KBD port at 0x60,0x64 irq 1
[   21.028155] serio: i8042 AUX port at 0x60,0x64 irq 12
[   21.148929] mousedev: PS/2 mouse device common for all mice
[   21.246252] input: AT Translated Set 2 keyboard as /devices/platform/i8042/serio0/input/input2
[   21.249006] rtc_cmos rtc_cmos: rtc core: registered rtc_cmos as rtc0
[   .244 r_cs r_cosalmsp  o d, 4 tes nam
[   22.045656] i2c /dev entries driver
[   22.046365] device-mapper: uevent: versin 0.

[   22.158195] device-mapper: ioctl: 4.34.0-ioctl (2015-10-28) initialised: dm-devel@redhat.com
[   22.347671] ledtrig-cpu: registered to indicate activity on CPUs
[   22.407286] NET: Registered protocol family 10
[   22.438831] NET: Registered protocol family 17
[   22.440669] Key type dns_resolver registered
[   22.441632] registered taskstats version 1
[   22.442307] Loading compiled-in X.509 certificates
[   22.449831] Loaded X.509 cert 'Build time autogenerated kernel key: f854e06633b5f496ced5b2e02c7b14f761b69302'
[   22.520529] zswap: loaded using pool lzo/zbud
[   22.538015] Key type trusted registered
[   22.570470] Key type encrypted registered
[   22.580630] AppArmor: AppArmor sha1 policy hashing enabled
[   22.581504] ima: No TPM chip found, activating TPM-bypass!
[   22.582396] evm: HMAC attrs: 0x1
[   22.583285]   Magic number: 14:185:422
[   22.587345] rtc_cmos rtc_cmos: setting system clock to 2018-04-13 08:26:39 UTC (1523607999)
[   22.588820] BIOS EDD facility v0.16 2004-Jun-25, 0 devices found
[   22.594393] EDD information not available.
[   22.597300] Freeing unused kernel memory: 1508K
[   22.599399] Write protecting the kernel read-only data: 14336k
[   22.600703] Freeing unused kernel memory: 1696K
[   22.603056] Freeing unused kernel memory: 100K
Loading, please wait...
starting version[   22.614565] random: systemd-udevd: uninitialized urandom read (16 bytes read, 3 bits of entropy available)
 229
[   22.615117] random: udevadm: uninitialized urandom read (16 bytes read, 3 bits of entropy available)
[   22.615207] random: udevadm: uninitialized urandom read (16 bytes read, 3 bits of entropy available)
[   22.621861] random: udevadm: uninitialized urandom read (16 bytes read, 3 bits of entropy available)
[   22.621895] random: udevadm: uninitialized urandom read (16 bytes read, 3 bits of entropy available)
[   22.622004] random: udevadm: uninitialized urandom read (16 bytes read, 3 bits of entropy available)
[   22.622045] random: udevadm: uninitialized urandom read (16 bytes read, 3 bits of entropy available)
[   22.622083] random: udevadm: uninitialized urandom read (16 bytes read, 3 bits of entropy available)
[   22.622120] random: udevadm: uninitialized urandom read (16 bytes read, 3 bits of entropy available)
[   22.622203] random: udevadm: uninitialized urandom read (16 bytes read, 3 bits of entropy available)
[   23.409882] e1000: Intel(R) PRO/1000 Network Driver - version 7.3.21-k8-NAPI
[   23.428407] e1000: Copyright (c) 1999-2006 Intel Corporation.
[   23.430618] Fusion MPT base driver 3.04.20
[   23.431366] Copyright (c) 1999-2008 LSI Corporation
[   23.436910] Fusion MPT SPI Host driver 3.04.20
[   23.497761] AVX2 version of gcm_enc/dec engaged.
[   23.504290] AES CTR mode by8 optimization enabled
[   23.681977] input: ImExPS/2 Generic Explorer Mouse as /devices/platform/i8042/serio1/input/input4
[   23.832091] e1000 0000:00:03.0 eth0: (PCI:33MHz:32-bit) 02:2c:d4:57:a0:4b
[   23.833124] e1000 0000:00:03.0 eth0: Intel(R) PRO/1000 Network Connection
[   23.835031] mptbase: ioc0: Initiating bringup
[   24.804439] e1000 0000:00:03.0 enp0s3: renamed from eth0
[   24.927048] ioc0: LSI53C1030 A0: Capabilities={Initiator}
[   25.157148] scsi host2: ioc0: LSI53C1030 A0, FwRev=00000000h, Ports=1, MaxQ=256, IRQ=20
[   25.319565] scsi 2:0:0:0: Direct-Access     VBOX     HARDDISK         1.0  PQ: 0 ANSI: 5
[   25.427635] scsi target2:0:0: Beginning Domain Validation
[   25.429616] scsi target2:0:0: Domain Validation skipping write tests
[   25.445568] scsi target2:0:0: Ending Domain Validation
[   25.470025] scsi target2:0:0: asynchronous
[   25.500234] scsi 2:0:1:0: Direct-Access     VBOX     HARDDISK         1.0  PQ: 0 ANSI: 5
[   25.832279] scsi target2:0:1: Beginning Domain Validation
[   25.833738] scsi target2:0:1: Domain Validation skipping write tests
[   26.423130] scsi target2:0:1: Ending Domain Validation
[   26.531731] scsi target2:0:1: asynchronous
[   26.534746] floppy0: no floppy controllers found
[   26.534779] work still pending
[   26.652693] sd 2:0:0:0: Attached scsi generic sg0 type 0
[   26.671714] sd 2:0:0:0: [sda] 20971520 512-byte logical blocks: (10.7 GB/10.0 GiB)
[   26.671980] sd 2:0:1:0: [sdb] 20480 512-byte logical blocks: (10.5 MB/10.0 MiB)
[   26.672173] sd 2:0:1:0: [sdb] Write Protect is off
[   26.672305] sd 2:0:1:0: [sdb] Incomplete mode parameter data
[   26.672306] sd 2:0:1:0: [sdb] Assuming drive cache: write through
[   26.679534] sd 2:0:1:0: Attached scsi generic sg1 type 0
[   26.694243] sd 2:0:1:0: [sdb] Attached SCSI disk
[   26.985152] sd 2:0:0:0: [sda] Write Protect is off
[   27.069679] sd 2:0:0:0: [sda] Incomplete mode parameter data
[   27.197235] sd 2:0:0:0: [sda] Assuming drive cache: write through
[   27.307013]  sda: sda1
[   27.321317] sd 2:0:0:0: [sda] Attached SCSI disk
Begin: Loading e[   28.827957] md: linear personality registered for level -1
ssential drivers[   28.850687] md: multipath personality registered for level -4
 ... [   28.860328] md: raid0 personality registered for level 0
[   28.908833] md: raid1 personality registered for level 1
[   29.014955] raid6: sse2x1   gen()  9576 MB/s
[   29.115043] raid6: sse2x1   xor()  7722 MB/s
[   29.247179] raid6: sse2x2   gen() 12760 MB/s
[   29.402814] raid6: sse2x2   xor()  8440 MB/s
[   29.530963] raid6: sse2x4   gen() 14357 MB/s
[   29.623089] raid6: sse2x4   xor()  9574 MB/s
[   29.699148] raid6: avx2x1   gen() 18286 MB/s
[   29.778741] raid6: avx2x2   gen() 22166 MB/s
[   29.926893] raid6: avx2x4   gen() 24496 MB/s
[   29.940572] raid6: using algorithm avx2x4 gen() 24496 MB/s
[   29.948736] raid6: using avx2x2 recovery algorithm
[   29.968957] xor: automatically using best checksumming function:
[   30.026919]    avx       : 18517.000 MB/sec
[   30.088634] async_tx: api initialized (async)
[   30.117048] md: raid6 personality registered for level 6
[   30.139332] md: raid5 personality registered for level 5
[   30.140176] md: raid4 personality registered for level 4
[   30.147994] md: raid10 personality registered for level 10
done.
Begin: Running /scripts/init-premount ... done.
Begin: Mounting root file system ... Begin: Running /scripts/local-top ... done.
Begin: Running /scripts/local-premount ... [   30.183926] Btrfs loaded
Scanning for Btrfs filesystems
done.
Warning: fsck not present, so skipping root file system
[   30.306902] EXT4-fs (sda1): mounted filesystem with ordered data mode. Opts: (null)
done.
Begin: Running /scriits/local-bottom ... done.
Begin: Running /scripts/init-bottom ... done.
[   31.174490] random: nonblocking pool is initialized
[   31.952576] systemd[1]: systemd 229 running in system mode. (+PAM +AUDIT +SELINUX +IMA +APPARMOR +SMACK +SYSVINIT +UTMP +LIBCRYPTSETUP +GCRYPT +GNUTLS +ACL +XZ -LZ4 +SECCOMP +BLKID +ELFUTILS +KMOD -IDN)
[   32.049708] systemd[1]: Detected virtualization oracle.
[   32.056275] systemd[1]: Detected architecture x86-64.

Welcome to [1mUbuntu 16.04.4 LTS[0m!

[   32.210578] systemd[1]: Set hostname to <ubuntu-xenial>.
[   34.478606] systemd[1]: [/etc/systemd/system/puma.service:6] Failed to parse service type, ignoring: Simple
[   34.751602] systemd[1]: Created slice User and Session Slice.
[[0;32m  OK  [0m] Created slice User and Session Slice.
[   34.888920] systemd[1]: Listening on /dev/initctl Compatibility Named Pipe.
[[0;32m  OK  [0m] Listening on /dev/initctl Compatibility Named Pipe.
[   34.918563] systemd[1]: Listening on Syslog Socket.
[[0;32m  OK  [0m] Listening on Syslog Socket.
[   34.960662] systemd[1]: Listening on Device-mapper event daemon FIFOs.
[[0;32m  OK  [0m] Listening on Device-mapper event daemon FIFOs.
[   35.105989] systemd[1]: Created slice System Slice.
[[0;32m  OK  [0m] Created slice System Slice.
[   35.142532] systemd[1]: Created slice system-serial\x2dgetty.slice.
[[0;32m  OK  [0m] Created slice system-serial\x2dgetty.slice.
[   35.150849] systemd[1]: Listening on Journal Socket.
[[0;32m  OK  [0m] Listening on Journal Socket.
[   35.152352] systemd[1]: Reached target Encrypted Volumes.
[[0;32m  OK  [0m] Reached target Encrypted Volumes.
[   35.167240] systemd[1]: Starting Remount Root and Kernel File Systems...
         Starting Remount Root and Kernel File Systems...
[   35.258763] systemd[1]: Mounting POSIX Message Queue File System...
         Mounting POSIX Message Queue File Syste[   35.421659] EXT4-fs (sda1): re-mounted. Opts: (null)
m...
[   35.590833] systemd[1]: Reached target System Time Synchronized.
[[0;32m  OK  [0m] Reached target System Time Synchronized.
[   35.714823] systemd[1]: Starting Nameserver information manager...
         Starting Nameserver information manager...
[   35.807217] systemd[1]: Listening on udev Control Socket.
[[0;32m  OK  [0m] Listening on udev Control Socket.
[   35.974996] systemd[1]: Starting Uncomplicated firewall...
         Starting Uncomplicated firewall...
[   36.094852] systemd[1]: Reached target User and Group Name Lookups.
[[0;32m  OK  [0m] Reached target User and Group Name Lookups.
[   36.270919] systemd[1]: Starting Set console keymap...
         Starting Set console keymap...
[   36.359061] systemd[1]: Listening on Journal Audit Socket.
[[0;32m  OK  [0m] Listening on Journal Audit Socket.
[   36.566850] systemd[1]: Starting Load Kernel Modules...
         Starting Load Kernel Mo[   36.710848] Loading iSCSI transport class v2.0-870.
dules...
[   36.850796] systemd[1]: Mounting Debug File System...
         Mountin[   36.900993] iscsi: registered transport (tcp)
g Debug File System...
[   37.059299] systemd[1]: Listening on udev Kernel Socket.
[[0;32m  OK  [0m] Listening on udev Kernel Socket.
[   37.188782] systemd[1]: Started Trigger resolvconf update for networkd DNS.
[[0;32m  OK  [0m] Started Trigger resolvconf update for networkd DNS.
[   37.198926] systemd[1]: Listening on LVM2 poll daemon socket.
[[0;32m  OK  [0m] Listening on LVM2 poll daemon socket.
[   37.207449] systemd[1]: Started Forward Password Requests to Wall Directory Watch.
[[0;32m  OK  [0m] Started Forward [   37.217238] iscsi: registered transport (iser)
Password Requests to Wall Directory Watch.
[   372759syem1]Mounting Huge Pages File System...
         Mounting Huge Pages File System...
[   37.570221] systemd[1]: Set up automount Arbitrary Executable File Formats File System Automount Point.
[[0;32m  OK  [0m] Set up automount Arbitrary Executab...ats File System Automount Point.
[ 37.75950] systemd[1: stningonoualoct (ev/l).
[[0;32m  OK  [0m] Listening on Journal Socket (/dev/log).
[   38.339190] systemd[1]: Starting Journal Service...
         Starting Journal Service...
[   38.463376] systemd[1]: Starting Create list of required static device nodes for the current kernel...
         Starting Create list of required st... nodes for the current kernel...
[   38.576543] systemd[1]: Reached target Slices.
[[0;32m  OK  [0m] Reached target Slices.
[   38.578370] systemd[1]: Listening on LVM2 metadata daemon socket.
[[0;32m  OK  [0m] Listening on LVM2 metadata daemon socket.
[   38.591345] systemd[1]: Starting Monitoring of LVM2 mirrors, snapshots etc. using dmeventd or progress polling...
         Starting Monitoring of LVM2 mirrors... dmeventd or progress polling...
[ 383166] ysmd]:eaed target Swap.

[[0;32m  OK  [0m] Reached target Swap.
[   39.179602] systemd[1]: Mounted Debug File System.
[[0;32m  OK  [0m] Mounted Debug File System.
[   39.211247] systemd[1]: Mounted Huge Pages File System.
[[0;32m  OK  [0m] Mounted Huge Pages File System.
[ 392935 ste[1 Mnt PIXesgeuee ilSytem.
[[0;32m  OK  [0m] Mounted POSIX Message Queue File System.
[   400126 stemd1]: arted RemunRo a KneFi Ste.
[[0;32m  OK  [0m] Started Remount Root and Kernel File Systems.
[   40.724763] systemd[1]: Started Uncomplicated firewall.
[[0;32m  OK  [0m] Started Uncomplicated firewall.
[   40.812759] systemd[1]: Started Set console keymap.
[[0;32m  OK  [0m] Started Set console keymap.
[   40.823235] systemd[1]: Started Load Kernel Modules.
[[0;32m  OK  [0m] Started Load Kernel Modules.
[   40.851211] systemd[1]: Started Create list of required static device nodes for the current kernel.
[[0;32m  OK  [0m] Started Create list of required sta...ce nodes for the current kernel.
[   41.011191] systemd[1]: Started Nameserver information manager.
[[0;32m  OK  [0m] Started Nameserver information manager.
[   41.136874] systemd[1]: Started Journal Service.
[[0;32m  OK  [0m] Started Journal Service.
[[0;32m  OK  [0m] Started LVM2 metadata daemon.
         Starting Create Static Device Nodes in /dev...
         Mounting FUSE Control File System...
         Starting Apply Kernel Variables...
         Starting Load/Save Random Seed...
         Starting Initial cloud-init job (pre-networking)...
         Starting udev Coldplug all Devices...
         Starting Flush Journal to Persistent Storage...
[[0;32m  OK  [0m] Mounted FUSE Control File System.
[[0;32m  OK  [0m] Started Monitoring of LVM2 mirrors,...ng dmeventd or progress polling.
[[0;32m  OK  [0m] Started Create Static Device Nodes in /dev.
[[0;32m  OK  [0m] Started Apply Kernel Variables.
[[0;32m  OK  [0m] Started Load/Save Random Seed.
[[0;32m  OK  [0m] Started udev Coldplug all Devices.
         Starting udev Kernel Device Manager...
[[0;32m  OK  [0m] Started Flush Journal to Persistent Storage.
[[0;32m  OK  [0m] Started udev Kernel Device Manager.
[[0;32m  OK  [0m] Reached target Local File Systems (Pre).
[[0;32m  OK  [0m] Reached target Local File Systems.
         Starting Set console font and keymap...
         Starting Create Volatile Files and Directories...
         Starting Tell Plymouth To Write Out Runtime Data...
         Starting LSB: AppArmor initialization...
[[0;32m  OK  [0m] Started Dispatch Password Requests to Console Directory Watch.
[[0;32m  OK  [0m] Found device /dev/ttyS0.
[[0;32m  OK  [0m] Started Tell Plymouth To Write Out Runtime Data.
[[0;32m  OK  [0m] Started Create Volatile Files and Directories.
         Starting Update UTMP about System Boot/Shutdown...
[[0;32m  OK  [0m] Started Update UTMP about System Boot/Shutdown.
[[0;32m  OK  [0m] Started Set console font and keymap.
[[0;32m  OK  [0m] Created slice system-getty.slice.
[[0;32m  OK  [0m] Found device 82540EM Gigabit Ethern...r (PRO/1000 MT Desktop Adapter).
[[0;32m  OK  [0m] Listening on Load/Save RF Kill Switch Status /dev/rfkill Watch.
[[0;32m  OK  [0m] Started LSB: AppArmor initialization.
[   38.327201] cloud-init[458]: Cloud-init v. 17.2 running 'init-local' at Fri, 13 Apr 2018 08:27:04 +0000. Up 37.66 seconds.
[[0;32m  OK  [0m] Started Initial cloud-init job (pre-networking).
[[0;32m  OK  [0m] Reached target Network (Pre).
[[0;32m  OK  [0m] Started ifup for enp0s3.
         Starting Raise network interfaces...
[[0;32m  OK  [0m] Started Raise network interfaces.
[[0;32m  OK  [0m] Reached target Network.
         Starting Initial cloud-init job (metadata service crawler)...
[   40.078861] cloud-init[977]: Cloud-init v. 17.2 running 'init' at Fri, 13 Apr 2018 08:27:06 +0000. Up 39.12 seconds.
[   40.216678] [cloud-init[0;32m  OK  [0m[977]: ] ci-info: +++++++++++++++++++++++++++++++++++++Net device info++++++++++++++++++++++++++++++++++++++Started Initial cloud-init job (metadata service crawler).

[   40.217032] cloud-init[977]: ci-info: +--------+------+----------------------------+---------------+-------+-------------------+
[   40.528701] [cloud-init[0;32m  OK  [0m[977]: ] ci-info: | Device |  Up  |          Address           |      Mask     | Scope |     Hw-Address    |Reached target System Initialization.

         Starting Socket activation for snappy daemon.
[[0;32m  OK  [0m] Started Daily Cleanup of Temporary Directories.
[[0;32m  OK  [0m] Listening on D-Bus System Message Bus Socket.
[   40.529123] cloud-init[977]: ci-info: +--------+------+----------------------------+---------------+-------+-------------------+
[   40.882388] [cloud-init[0;32m  OK  [0m[977]: ] ci-info: | enp0s3 | True |         10.0.2.15          | 255.255.255.0 |   .   | 02:2c:d4:57:a0:4b |Started Timer to automatically refresh installed snaps.

[   41.077091] [cloud-init[0;32m  OK  [0m[977]: ] ci-info: | enp0s3 | True | fe80::2c:d4ff:fe57:a04b/64 |       .       |  link | 02:2c:d4:57:a0:4b |Listening on UUID daemon activation socket.

[   41.077467] cloud-init[977]: ci-info: |   lo   | True |         127.0.0.1          |   255.0.0.0   |   .   |         .         |
[[0;32m  OK  [0m] Started ACPI Events Check.
[[0;32m  OK  [0m] Reached target Paths.
[   41.380514] cloud-init[977]: ci-info: |   lo   | True |          ::1/128           |       .       |  host |         .         |
[   41.437706]          cloud-initStarting LXD - unix socket.[977]: 
ci-info: +--------+------+----------------------------+---------------+-------+-------------------+
[   41.554424] [cloud-init[0;32m  OK  [0m[977]: ] ci-info: +++++++++++++++++++++++++++Route IPv4 info++++++++++++++++++++++++++++Started Daily apt download activities.

[   41.554794] [cloud-init[0;32m  OK  [0m[977]: ] ci-info: +-------+-------------+----------+---------------+-----------+-------+Started Daily apt upgrade and clean activities.

[   41.840315] [cloud-init[0;32m  OK  [0m[977]: ] ci-info: | Route | Destination | Gateway  |    Genmask    | Interface | Flags |Reached target Timers.

[[0;32m  OK  [0m] Listening on ACPID Listen Socket.
[[0;32m  OK  [0m] Reached target Network is Online.
[   41.840723] cloud-init[977]: ci-info: +-------+-------------+----------+---------------+-----------+-------+
[   42.108433]          cloud-initStarting iSCSI initiator daemon (iscsid)...[977]: 
ci-info: |   0   |   0.0.0.0   | 10.0.2.2 |    0.0.0.0    |   enp0s3  |   UG  |
[   42.252270] [cloud-init[0;32m  OK  [0m[977]: ] ci-info: |   1   |   10.0.2.0  | 0.0.0.0  | 255.255.255.0 |   enp0s3  |   U   |Reached target Cloud-config availability.

[   42.252686] cloud-init[977]: ci-info: +-------+-------------+----------+---------------+-----------+-------+
[[0;32m  OK  [0m] Listening on Socket activation for snappy daemon.
[[0;32m  OK  [0m] Listening on LXD - unix socket.
[[0;32m  OK  [0m] Reached target Sockets.
[[0;32m  OK  [0m] Reached target Basic System.
         Starting Login Service...
[[0;32m  OK  [0m] Started Unattended Upgrades Shutdown.
         Starting System Logging Service...
         Starting LSB: Record successful boot for GRUB...
         Starting Accounts Service...
[[0;32m  OK  [0m] Started Deferred execution scheduler.
         Starting Pollinate to seed the pseudo random number generator...
[[0;32m  OK  [0m] Started D-Bus System Message Bus.
[[0;32m  OK  [0m] Started FUSE filesystem for LXC.
         Starting Virtualbox guest utils...
[[0;32m  OK  [0m] Started Puma HTTP Server.
         Starting LXD - container startup/shutdown...
[[0;32m  OK  [0m] Started ACPI event daemon.
         Starting /etc/rc.local Compatibility...
         Starting Snappy daemon...
         Starting LSB: MD monitoring daemon...
[[0;32m  OK  [0m] Started Regular background program processing daemon.
         Starting Apply the settings specified in cloud-config...
[[0;32m  OK  [0m] Started System Logging Service.
[[0;32m  OK  [0m] Started iSCSI initiator daemon (iscsid).
[[0;32m  OK  [0m] Started /etc/rc.local Compatibility.
[[0;32m  OK  [0m] Started Login Service.
         Starting Login to default iSCSI targets...
         Starting Authenticate and Authorize Users to Run Privileged Tasks...
[[0;32m  OK  [0m] Started LSB: Record successful boot for GRUB.
[[0;32m  OK  [0m] Started Login to default iSCSI targets.
[[0;32m  OK  [0m] Reached target Remote File Systems (Pre).
[[0;32m  OK  [0m] Reached target Remote File Systems.
[   45.751833] cloud-init[1120]: Cloud-init v. 17.2 running 'modules:config' at Fri, 13 Apr 2018 08:27:12 +0000. Up 44.92 seconds.
         Starting LSB: daemon to balance interrupts for SMP systems...
         Starting LSB: automatic crash report generation...
         Starting LSB: Set the CPU Frequency Scaling governor to "ondemand"...
         Starting Permit User Sessions...
         Starting LSB: Start/stop sysstat's sadc...
[[0;32m  OK  [0m] Started LSB: MD monitoring daemon.
[[0;32m  OK  [0m] Started Apply the settings specified in cloud-config.
[[0;32m  OK  [0m] Started Permit User Sessions.
[[0;32m  OK  [0m] Started LSB: Set the CPU Frequency Scaling governor to "ondemand".
         Starting Hold until boot process finishes up...
         Starting Terminate Plymouth Boot Screen...
[[0;32m  OK  [0m] Started LSB: Start/stop sysstat's sadc.
[[0;32m  OK  [0m] Started Hold until boot process finishes up.
[[0;32m  OK  [0m] Started Virtualbox guest utils.
[[0;32m  OK  [0m] Started Terminate Plymouth Boot Screen.
[[0;32m  OK  [0m] Started Getty on tty1.
[[0;32m  OK  [0m] Started Serial Getty on ttyS0.
[[0;32m  OK  [0m] Reached target Login Prompts.
         Starting Set console scheme...
[[0;32m  OK  [0m] Started LSB: daemon to balance interrupts for SMP systems.
[[0;32m  OK  [0m] Started LSB: automatic crash report generation.
[[0;32m  OK  [0m] Started Set console scheme.
[[0;32m  OK  [0m] Started Authenticate and Authorize Users to Run Privileged Tasks.
[[0;32m  OK  [0m] Started Accounts Service.
[[0;32m  OK  [0m] Started Snappy daemon.
[[0;32m  OK  [0m] Started LXD - container startup/shutdown.
[[0;32m  OK  [0m] Stopped Puma HTTP Server.
[[0;32m  OK  [0m] Started Puma HTTP Server.
[[0;32m  OK  [0m] Stopped Puma HTTP Server.
[[0;32m  OK  [0m] Started Puma HTTP Server.
[[0;32m  OK  [0m] Stopped Puma HTTP Server.
[[0;32m  OK  [0m] Started Puma HTTP Server.

Ubuntu 16.04.4 LTS ubuntu-xenial ttyS0

ubuntu-xenial login: [   57.837667] cloud-init[1441]: Cloud-init v. 17.2 running 'modules:final' at Fri, 13 Apr 2018 08:27:24 +0000. Up 57.50 seconds.
[   57.838071] cloud-init[1441]: Cloud-init v. 17.2 finished at Fri, 13 Apr 2018 08:27:25 +0000. Datasource DataSourceNoCloud [seed=/dev/sdb][dsmode=net].  Up 57.83 seconds
