[   0.0000] nialzing cgroup subsys cpuset
[    0.000000] Initializing cgroup subsys cpu
[    0.000000] Initializing cgroup subsys cpuacct
[    0.000000] Linux verssin 4.-119-enri (uilddlc01md64-01) ccversio5..0201069 Ubnt5.0-6uunu11604.) #13-Ubunu MPMon Apr2 :0:24 UC 208 Ubuntu4.0-19.3-neri 4.14)[  0.0000] mmand line: BOOT_IMAGE=/boot/vmlinuz-4.4.0-119-generic root=UUID=05ab3d0e-cbf0-4dfe-8238-fca5c366 ro cosoe=y1 coolttyS0
[    0.000000] KERNEL supported cpus:
[    0.000000]   Intel GenuineIntel
[    0.000000]   AMD AuthenticAMD
[    0.000000]   Centaur CentaurHauls
[    0.000000] x86/fpu: xstate_offset[2]:  576, xstesiees[2: 56
[    0.000000] x86/fpu: Supporting XSAVE feature 0x01: 'x87 floating point registers'
[   000000] x8/fpu: Supporting XSAVE feature 0x02: 'SSE registers'
[[    0.000000] x86/fpu: Supporting XSAVE feature 0x04: 'VX reiser'
[    0000] x86fp Eabled xstae eares 0x7, cote size is 832 byt, using 'tadard' format.
[    0.000000] x86/fpu: Usig lazy' FP conext switchs.
[   .0000] e820: BIS-roidd hysical RAMmap:
[    0.000]BIOSe80:[mm 0x00000000000x00000000009fbff] usable
[    .0000]BIOS-e20 [m 0x00000000fc00-x000000009ffff rseed
  0.00000] BIOS-e820: [mem 0x00000000000f0000-0x00000000000fffff] reserved
[    0.000000] BIOS-e820[m 0x00000010000x00000007feff]usae[    0.000000] BIOS-e820: [mem 0x0000000ff0000-0x00007ffffff APIata[  0.0000BIOS82: mem 000000fec00000-0x00000000fec00fff] reserved[  0.000000] BIOS-e820: [mem 0x00000000fee00000-0x00000000fee00fff resered
[   0000000] BIS-82 [mem0x000000fc00-x00000fffff reerve
[  0.0000]NX (xeteDisae)protti: actve
[   .0000]SMOS2.5 pse.
[    0.000000] Hypervisor detected: KVM
[    0.000000] e820: last_pfn = 0x7fff0 max_arch_pfn = 0x400000000
[    0.000 MTRRDibled[   0.000000] x86/PAT: MTRRs disabled, skipping PAT initialization too.
[    0.000000] CPU MTRRs al bank - vitulize sst.
[  .00000x8/PT:Coigration [0-7]WBWT  -   WB  W U UC 
  0.0000foun SM M-tablatmem 0x009f00x000ff] app a [ffff8009ff0
[    0.0000] Scani 1areas fr w memory corruption
[    0.00000] RAMDISK: [em0x620000-0x370f7ff]
[    0.000000] ACPI: Early table checksum verification disabled
[    0.000000] ACPI: RSDP 0x00000000000E0000 000024 (v02 VBOX  )
[    0.000000] ACPI: XSDT 0x000000007FFF0030 00003C (v01 VBOX   VBOXXSDT 00000001 ASL  00000061)
[    0.000000] ACPI: FACP 0x000000007FFF00F0 0000F4 (v04 VBOX   VBOXFACP 00000001 ASL  00000061)
[    0.000000] ACPI: DSDT 0x000000007FF070 002FFv0VBOX  VOXIOS0000 INT 20028)
   000000] PI FA 00000007FF020 00004
[    00000] APIFAS 0x00007FFF20 0040
[    0.000000] ACPI: APIC 0x000000007FFF0240 00005C (v02 VBOX   VBOXAPIC 00000001 ASL  00000061)
[    0.000000] ACPI: SDT0x000000FF2A 0001C v0 VBOX  BOCPT 000002INL 21052)
[   0.0000 No MAonfiguraio fun

[   0.000000] Faking a node t mem x0000000000-x00000000ffff][   0.000] ODE_DTA(0) allocated [mem 07fb000-0xfffff]
[  00000] kvmclck Using msrsb5d01 d b5d0
[    0.000000] kvm-clock: cpu 0, msr 0:7ffe3001, primary cpu clock
[    0.000000] kvm-clock: using sched offset of 11089030817 cycle
   000000] clocksource: km-lok: mask: 0xffffffffffffffmax_cycls: 0x1cd42e4dffb, max_idle_ns: 881590591483 ns
[    0.000000] Zone ranges:
[    0.000000]   DMA      [mem 0x000000001000-0x000000000ffffff]    0000]  MA    [emx000000010000x0000007ffeffff]
[  .0000]  Nrmal  emty
[   .000000]  evice epty   0000] Movable on srt foreah ode
   000000]ar memory node ranges
[    0.000000]   node   0: [mem 0x0000000000001000-0x000000000009efff]
[    0.000000]   nde   [mem 0000001000-0x000000fefff]
[   00000] Initme setp de0 [mem 00000000100-0000000ffff]
[    0.000000] ACPI: PM-Timer IO Port: 0x4008
[    0.000000] IOAPIC[0]: apic_id 2, version 32, address 0xfec000, I 0-3    .000] ACP: T_SC_OV(b 0 buir 0globalir 2 fl dfl
   0.00000]ACI: T_SR_O (bus 0 bu_irq 9 lobair 9 l lel)
   000000] Using ACPI (MADT) for SMP configuration information
[    0.000000] smpboot: Allowing 2 CPUs, 0 hotplug CPUs
[    0000] PM: Rgiered nosave memory: [mem 0x00000000-0x00000fff]
[    0.000000] PM: Registered nosave mor [mem0x090000x00fff][    0000] PM: Riserd noavmeory:memx000a0000-0x000effff]
[    0.000000]PMReisterd sae meor [em 0x00f000x00fff]
[    0.000000] e820: [mem 0x80000000-0xfebfffff avalable for PCI devices
[    0.000000] Booting paravirtualized kernel on KVM
[    0.000000] clocksource: refined-jiffies mk: 0xfffff mx_cyle: ffffff, axdle_n: 76559600156ns
  0.0000]etp_pepuNR_CUS12nr_cpumas_bs:12nrpuids:nrode_s:
[    0.000000] PERCPU: Embedded 34 pages/cpu @ffff88007fc00000 s99544 r8192 d31528 u48576
[    0.000000] PV qspinlock hash table entries: 256 (order: , 4096 bytes)
[    0.000]Built1 onists i Ndeorer,mobiity grouping on. Totapages: 515960
[    0.000000] Picy on: MA2
[    000000] Kernel command line: BOT_IMAGE=/boot/vmlinuz-4.4.0-119-generic root=UUID=05ab3d0e-cbf0-4dfe-8238-fca526366fro cnsolett cnsolety
[  0.000]PIhah tab eris: 406 rdr: 3328 byes
[   00000] emor 29388K/2066K valable (8532K kernel code, 1313K rwdata, 3996K rodata,158Kint, 1316K bss, 67308K reserved, K a-eserved)
[    0.000000] SLUB: HWalign=64, Order=0-3, MinObjects=0, CPUs=2 Nes=1
[    0.00000] KeneUser page tables isolation: enabled
[    0.000000] Hierarchical RCU implementation.
[    0.000000] 	Build-time adjustment of leaf fanout to 64.
[    0.000000] 	RCU rstricti Cs froNRPUS=2 o nr_cpu_ds.
[    0.000000] RU:djstg omet fr cu_fanou_lf=64,nr_cpu_s=
    0.00000NRIRQS:024r__irqs:44 1
[    0.000000] Console: clour VGA 825
[  000000] console [tty1] enabled
[    0.000000] console [ttyS0] enabled
[    0.000000] tsc: Detected 3200.008 MHz processor
[   13.514448] Calibrating delay loop (skipped) preset value.. 6400.01 BogoMIPS (lpj=12800032)
[   13.515805] pid_max: default: 32768 minimum: 301
[   13.516557] ACPI: Core revision 20150930
[   13.518020] ACPI: 2 ACPI AML tables successfully acquired and loaded
[   13.519107] Security Framework initialized
[   13.519796] Yama: becoming mindful.
[   13.520427] AppArmor: AppArmor initialized
[  1523033] Dentry cache hash table entries: 262144 (order: 9, 2097152 bytes)
[   13.613050] Inode-cache hash table entries: 131072 (order: 8, 1048576 bytes)
[   13.751175] Mount-cache hash table entries: 4096 (order: 3, 32768 bytes)
[   13.783180] Mountpoint-cache hash table entries: 4096 (order: 3, 32768 bytes)
[   13.784352] Initializing cgroup subsys io
[   13.785018] Initializing cgroup subsys memory
[   13.811207] Initializing cgroup subsys devices
[   13.838238] Initializing cgroup subsys freezer
[   13.856547] Initializing cgroup subsys net_cls
[   13.857295] Initializing cgroup subsys perf_event
[   13.858089] Initializing cgroup subsys net_prio
[   13.862767] Initializing cgroup subsys hugetlb
[   13.863509] Initializing cgroup subsys pids
[   13.864284] CPU: Physical Processor ID: 0
[   13.864977] CPU: Processor Core ID: 0
[   13.865623] FEATURE SPEC_CTRL Not Present
[   13.867103] mce: CPU supports 0 MCE banks
[   13.867805] Last level iTLB entries: 4KB 1024, 2MB 1024, 4MB 1024
[   13.868741] Last level dTLB entries: 4KB 1024, 2MB 1024, 4MB 1024, 1GB 4
[   13.869726] Spectre V2 mitigation: Mitigation: Full generic retpoline
[   13.870708] Spectre V2 mitigation: Speculation control IBPB not-supported IBRS not-supported
[   13.873622] Freeing SMP alternatives memory: 32K
[   13.898598] ftrace: allocating 32195 entries in 126 pages
[   13.970262] smpboot: APIC(0) Converting physical 0 to logical package 0
[   14.026766] smpboot: Max logical packages: 1
[   14.034940] x2apic enabled
[   14.035674] Switched APIC routing to physical x2apic.
[   14.037460] ..TIMER: vector=0x30 apic1=0 pin1=2 apic2=-1 pin2=-1
[   14.180456] APIC calibration not consistent with PM-Timer: 102ms instead of 100ms
[   14.223865] APIC delta adjusted to PM-Timer: 6244699 (6382955)
[   14.267193] smpboot: CPU0: Intel(R) Core(TM) i5-4460  CPU @ 3.20GHz (family: 0x6, model: 0x3c, stepping: 0x3)
[   14.293737] Performance Events: unsupported p6 CPU model 60 no PMU driver, software events only.
[   14.304317] KVM setup paravirtual spinlock
[   14.333599] x86: Booting SMP configuration:
[   14.344993] .... node  #0, CPUs:      #1
[   14.348780] kvm-clock: cpu 1, msr 0:7ffe3041, secondary cpu clock
[   14.351569] mce: CPU supports 0 MCE banks
[   14.387609] x86: Booted up 1 node, 2 CPUs
[   14.395621] smpboot: Total of 2 processors activated (12800.03 BogoMIPS)
[   14.402963] devtmpfs: initialized
[   14.426209] evm: security.selinux
[   14.451311] evm: security.SMACK64
[   14.460087] evm: security.SMACK64EXEC
[   14.468588] evm: security.SMACK64TRANSMUTE
[   14.471224] evm: security.SMACK64MMAP
[   14.493271] evm: security.ima
[   14.505169] evm: security.capability
[   14.516252] clocksource: jiffies: mask: 0xffffffff max_cycles: 0xffffffff, max_idle_ns: 7645041785100000 ns
[   14.536639] futex hash table entries: 512 (order: 3, 32768 bytes)
[   14.545086] pinctrl core: initialized pinctrl subsystem
[   14.546033] RTC time:  9:05:14, date: 04/12/18
[   14.556506] NET: Registered protocol family 16
[   14.587924] cpuidle: using governor ladder
[   14.619037] cpuidle: usingggovernor menu
[   14.650694] PCCT header not found.
[   14.653420] ACPI: bus type PCI registered
[   14.676656] acpiphp: ACPI Hot Plug PCI Controller Driver version: 0.5
[   14.702643] PCI: Using configuration type 1 for base access
[   14.723991] ACPI: Added _OSI(Module Device)
[   14.734055] ACPI: Added _OSI(Processor Device)
[   14.737181] ACPI: Added _OSI(3.0 _SCP Extensions)
[   14.739859] ACPI: Added _OSI(Processor Aggregator Device)
[   14.749209] ACPI: Executed 1 blocks of module-level executable AML code
[   14.819588] ACPI: Interpreter enabled
[   14.820249] ACPI: (supports S0 S5)
[   14.824612] ACPI: Using IOAPIC for interrupt routing
[   14.838428] PCI: Using host bridge windows from ACPI; if necessary, use "pci=nocrs" and report a bug
[   14.871414] ACPI: PCI Root Bridge [PCI0] (domain 0000 [bus 00-ff])
[   14.899002] acpi PNP0A03:00: _OSC: OS supports [ASPM ClockPM Segments MSI]
[   14.900018] acpi PNP0A03:00: _OSC: not requesting OS control; OS requires [ExtendedConfig ASPM ClockPM MSI]
[   14.901566] acpi PNP0A03:00: fail to add MMCONFIG information, can't access extended PCI configuration space under this bridge.
[   14.903618] PCI host bridge to bus 0000:00
[   14.904316] pci_bus 0000:00: root bus resource [io  0x0000-0x0cf7 window]
[   14.928368] pci_bus 0000:00: root bus resource [io  0x0d00-0xffff window]
[   14.933247] pci_bus 0000:00: root bus resource [mem 0x000a0000-0x000bffff window]
[   14.937586] pci_bus 0000:00: root bus resource [mem 0x80000000-0xfdffffff window]
[   14.938845] pci_bus 0000:00: root bus resource [bus 00-ff]
[   14.949860] pci 0000:00:01.1: legacy IDE quirk: reg 0x10: [io  0x01f0-0x01f7]
[   15.091115] pci 0000:00:01.1: legacy IDE quirk: reg 0x14: [io  0x03f6]
[   15.211680] pci 0000:00:01.1: legacy IDE quirk: reg 0x18: [io  0x0170-0x0177]
[   15.239302] pci 0000:00:01.1: legacy IDE quirk: reg 0x1c: [io  0x0376]
[   15.312641] pci 0000:00:07.0: quirk: [io  0x4000-0x403f] claimed by PIIX4 ACPI
[   15.328446] pci 0000:00:07.0: quirk: [io  0x4100-0x410f] claimed by PIIX4 SMB
[   15.365849] ACPI: PCI Interrupt Link [LNKA] (IRQs 5 9 10 *11)
[   15.378802] ACPI: PCI Interrupt Link [LNKB] (IRQs 5 9 *10 11)
[   15.411507] ACPI: PCI Interrupt Link [LNKC] (IRQs 5 *9 10 11)
[   15.431195] ACPI: PCI Interrupt Link [LNKD] (IRQs 5 9 10 *11)
[   15.461434] ACPI: Enabled 2 GPEs in block 00 to 07
[   15.462502] vgaarb: setting as boot device: PCI:0000:00:02.0
[   15.471550] vgaarb: device added: PCI:0000:00:02.0,decodes=io+mem,owns=io+mem,locks=none
[   15.480634] vgaarb: loaded
[   15.481171] vgaarb: bridge control possible 0000:00:02.0
[   15.482247] SCSI subsystem initialized
[   15.483077] ACPI: bus type USB registered
[   15.496665] usbcore: registered new interface driver usbfs
[   15.497563] usbcore: registered new interface driver hub
[   15.511170] usbcore: registered new device driver usb
[   15.553419] PCI: Using ACPI for IRQ routing
[   15.554492] NetLabel: Initializing
[   15.589175] NetLabel:  domain hash size = 128
[   15.656734] NetLabel:  protocols = UNLABELED CIPSOv4
[   15.695658] NetLabel:  unlabeled traffic allowed by default
[   15.748703] amd_nb: Cannot enumerate AMD northbridges
[   15.796479] clocksource: Switched to clocksource kvm-clock
[  15.856353 AArr:Aprm Festem Eabed[ 16280]pn: P CPin
   1.7548] p:PnP PI: found 3 devices

[   16.967368] clocksource: acpi_pm: mask: 0xffffff max_cycles: 0xffffff, max_idle_ns: 2085701024 ns
[   16.999343] NET: Registered protocol family 2
[   17.000175] TCP established hash table entries: 16384 (order: 5, 131072 bytes)
[   17.016040] TCP bind hash table entries: 16384 (order: 6, 262144 bytes)
[   17.017073] TCP: Hash tables configured (established 16384 bind 16384)
[   17.025070] UDP hash table entries: 1024 (order: 3, 32768 bytes)
[   17.034600] UDP-Lite hash table entries: 1024 (order: 3, 32768 bytes)
[   17.039110] NET: Registered protocol family 1
[   17.039894] pci 0000:00:00.0: Limiting direct PCI/PCI transfers
[   17.051879] pci 0000:00:01.0: Activating ISA DMA hang workarounds
[   17.052956] Unpacking initramfs...
[   17.449748] Freeing initrd memory: 15328K
[   17.502966] RAPL PMU detected, API unit is 2^-32 Joules, 4 fixed counters 10737418240 ms ovfl timer
[   17.626774] hw unit of domain pp0-core 2^-0 Joules
[   17.702577] hw unit of domain package 2^-0 Joules
[   17.727994] hw unit of domain dram 2^-0 Joules
[   17.746642] hw unit of domain pp1-gpu 2^-0 Joules
[   17.747493] platform rtc_cmos: registered platform RTC device (no PNP device found)
[   17.790946] Scannin f lw meryorpti ery 60 cos
[   18.243495] audit: initializing netlink subsys (disabled)
[   18.294618] audit: type=2000 audit(1523523915.573:1): initialized
[   18.295777] Initialise system trusted keyring
[   18.296745] HugeTLB registered 2 MB page size, pre-allocated 0 pages
[   18.432381] zbud: loaded
[   18.467259] VFS: Disk quotas dquot_6.6.0
[   18.487120] VFS: Dquot-cache hash table entries: 512 (order 0, 4096 bytes)
[   18.488523] squashfs: version 4.0 (2009/01/31) Phillip Lougher
[   1.573 fe iitAPveion 23
[ 18933]ts Rined TSC clocksource calibration: 3198.197 MHz

[   19.4211] loksrce: tc:as 0fffffffffaxycs: 02e19ae65,axdle_ns 4073635 ns

[   14094Key type big_key registered

[   19.408709] Allocating IMA MOK and blacklist keyrings.
[   19.408903] Key type asymmetric registered
[   19.408905] Asymmetric key parser 'x509' registered
[   19.408932] Block layer SCSI generic (bsg) driver version 0.4 loaded (major 249)
[   19.408958] io scheduler noop registered
[   19.408960] io scheduler deadline registered (default)
[   19.408983] io scheduler cfq registered
[   19.409084] pci_hotplug: PCI Hot Plug PCI Core version: 0.5
[   19.409089] pciehp: PCI Express Hot Plug Controller Driver version: 0.4
[   19.409243] ACPI: AC Adapter [AC] (on-line)
[   19.409295] input: Power Button as /devices/LNXSYSTM:00/LNXPWRBN:00/input/input0
[   19.409298] ACPI: Power Button [PWRF]
[   19.409403] input: Sleep Button as /devices/LNXSYSTM:00/LNXSLPBN:00/input/input1
[   19.409405] ACPI: Sleep Button [SLPF]
[   19.409534] GHES: HEST is not enabled!
[   19.409629] Serial: 8250/16550 driver, 32 ports, IRQ sharing enabled
[   20.246582] 00:02: ttyS0 at I/O 0x3f8 (irq = 4, base_baud = 115200) is a 16550A
[   20.395177] Linux agpgart interface v0.103
[   20.397635] loop: module loaded
[   20.398101] scsi host0: ata_piix
[   20.398148] scsi host1: ata_piix
[   20.398183] ata1: PATA max UDMA/33 cmd 0x1f0 ctl 0x3f6 bmdma 0xd000 irq 14
[   20.398184] ata2: PATA max UDMA/33 cmd 0x170 ctl 0x376 bmdma 0xd008 irq 15
[   20.398257] libphy: Fixed MDIO Bus: probed
[   20.398259] tun: Universal TUN/TAP device driver, 1.6
[   20.398259] tun: (C) 1999-2004 Max Krasnyansky <maxk@qualcomm.com>
[   20.398303] PPP generic driver version 2.4.2
[   20.398354] ehci_hcd: USB 2.0 'Enhanced' Host Controller (EHCI) Driver
[   20.398357] ehci-pci: EHCI PCI platform driver
[   20.398364] ehci-platform: EHCI generic platform driver
[   20.398370] ohci_hcd: USB 1.1 'Open' Host Controller (OHCI) Driver
[   20.398373] ohci-pci: OHCI PCI platform driver
[   20.398379] ohci-platform: OHCI generic platform driver
[   20.398385] uhci_hcd: USB Universal Host Controller Interface driver
[   20.398436] i8042: PNP: PS/2 Controller [PNP0303:PS2K,PNP0f03:PS2M] at 0x60,0x64 irq 1,12
[   20.409811] serio: i8042 KBD port at 0x60,0x64 irq 1
[   20.409819] serio: i8042 AUX port at 0x60,0x64 irq 12
[   20.409982] mousedev: PS/2 mouse device common for all mice
[   20.410255] rtc_cmos rtc_cmos: rtc core: registered rtc_cmos as rtc0
[   20.410307] rtc_cmos rtc_cmos: alarms up to one day, 114 bytes nvram
[   20.410315] i2c /dev entries driver
[   20.410375] device-mapper: uevent: version 1.0.3
[   20.410460] device-mapper: ioctl: 4.34.0-ioctl (2015-10-28) initialised: dm-devel@redhat.com
[   20.410483] ledtrig-cpu: registered to indicate activity on CPUs
[   20.410756] NET: Registered protocol family 10
[   20.410893] NET: Registered protocol family 17
[   20.410901] Key type dns_resolver registered
[   20.411099] registered taskstats version 1
[   20.411113] Loading compiled-in X.509 certificates
[   20.411749] Loaded X.509 cert 'Build time autogenerated kernel key: f854e06633b5f496ced5b2e02c7b14f761b69302'
[   20.411765] zswap: loaded using pool lzo/zbud
[   20.413258] Key type trusted registered
[   20.415338] Key type encrypted registered
[   20.415343] AppArmor: AppArmor sha1 policy hashing enabled
[   20.415345] ima: No TPM chip found, activating TPM-bypass!
[   20.415362] evm: HMAC attrs: 0x1
[   20.415609]   Magic number: 14:354:70
[   20.415670]  memory: hash matches
[   20.432608] rtc_cmos rtc_cmos: setting system clock to 2018-04-12 09:05:20 UTC (1523523920)
[   20.432719] BIOS EDD facility v0.16 2004-Jun-25, 0 devices found
[   20.432719] EDD information not available.
[   20.450496] input: AT Translated Set 2 keyboard as /devices/platform/i8042/serio0/input/input2
[   21.319507] Freeing unused kernel memory: 1508K
[   21.373967] Write protecting the kernel read-only data: 14336k
[   21.400911] Freeing unused kernel memory: 1696K
[   21.401888] Freeing unused kernel memory: 100K
Loading, please wait...
starting version[   21.412607] random: systemd-udevd: uninitialized urandom read (16 bytes read, 2 bits of entropy available)
 229
[   21.413061] random: udevadm: uninitialized urandom read (16 bytes read, 2 bits of entropy available)
[   21.413079] random: udevadm: uninitialized urandom read (16 bytes read, 2 bits of entropy available)
[   21.419413] random: udevadm: uninitialized urandom read (16 bytes read, 2 bits of entropy available)
[   21.419445] random: udevadm: uninitialized urandom read (16 bytes read, 2 bits of entropy available)
[   21.419547] random: udevadm: uninitialized urandom read (16 bytes read, 2 bits of entropy available)
[   21.419587] random: udevadm: uninitialized urandom read (16 bytes read, 2 bits of entropy available)
[   21.419623] random: udevadm: uninitialized urandom read (16 bytes read, 2 bits of entropy available)
[   21.419660] random: udevadm: uninitialized urandom read (16 bytes read, 2 bits of entropy available)
[   21.419696] random: udevadm: uninitialized urandom read (16 bytes read, 2 bits of entropy available)
[   21.594432] Fusion MPT base driver 3.04.20
[   21.656144] Copyright (c) 1999-2008 LSI Corporation
[   21.703369] e1000: Intel(R) PRO/1000 Network Driver - version 7.3.21-k8-NAPI
[   21.705957] e1000: Copyright (c) 1999-2006 Intel Corporation.
[   21.734188] AVX2 version of gcm_enc/dec engaged.
[   21.747883] AES CTR mode by8 optimization enabled
[   21.749008] Fusion MPT SPI Host driver 3.04.20
[   21.955589] input: ImExPS/2 Generic Explorer Mouse as /devices/platform/i8042/serio1/input/input4
[   22.110027] e1000 0000:00:03.0 eth0: (PCI:33MHz:32-bit) 02:2c:d4:57:a0:4b
[   22.218614] e1000 0000:00:03.0 eth0: Intel(R) PRO/1000 Network Connection
[   22.251271] mptbase: ioc0: Initiating bringup
[   22.251706] e1000 0000:00:03.0 enp0s3: renamed from eth0
[   22.328691] ioc0: LSI53C1030 A0: Capabilities={Initiator}
[   22.595213] scsi host2: ioc0: LSI53C1030 A0, FwRev=00000000h, Ports=1, MaxQ=256, IRQ=20
[   22.769593] scsi 2:0:0:0: Direct-Access     VBOX     HARDDISK         1.0  PQ: 0 ANSI: 5
[   22.811340] scsi target2:0:0: Beginning Domain Validation
[   22.917119] scsi target2:0:0: Domain Validation skipping write tests
[   23.033057] scsi target2:0:0: Ending Domain Validation
[   23.079603] scsi target2:0:0: asynchronous
[   23.081978] scsi 2:0:1:0: Direct-Access     VBOX     HARDDISK         1.0  PQ: 0 ANSI: 5
[   23.086911] scsi target2:0:1: Beginning Domain Validation
[   23.121469] scsi target2:0:1: Domain Validation skipping write tests
[   23.133081] scsi target2:0:1: Ending Domain Validation
[   23.134054] scsi target2:0:1: asynchronous
[   23.144928] sd 2:0:0:0: Attached scsi generic sg0 type 0
[   23.147049] sd 2:0:0:0: [sda] 20971520 512-byte logical blocks: (10.7 GB/10.0 GiB)
[   23.148789] sd 2:0:1:0: [sdb] 20480 512-byte logical blocks: (10.5 MB/10.0 MiB)
[   23.152280] sd 2:0:0:0: [sda] Write Protect is off
[   23.153183] sd 2:0:1:0: Attached scsi generic sg1 type 0
[   23.187906] sd 2:0:0:0: [sda] Incomplete mode parameter data
[   23.187919] sd 2:0:1:0: [sdb] Write Protect is off
[   23.188037] sd 2:0:1:0: [sdb] Incomplete mode parameter data
[   23.188038] sd 2:0:1:0: [sdb] Assuming drive cache: write through
[   23.222214] sd 2:0:0:0: [sda] Assuming drive cache: write through
[   23.292872]  sda: sda1
[   23.293832] sd 2:0:1:0: [sdb] Attached SCSI disk
[   23.429143] sd 2:0:0:0: [sda] Attached SCSI disk
[   24.757254] floppy0: no floppy controllers found
Begin: Loading e[   26.153291] md: linear personality registered for level -1
ssential drivers ... [   26.172493] md: multipath personality registered for level -4
[   26.241321] md: raid0 personality registered for level 0
[   26.263849] md: raid1 personality registered for level 1
[   26.344824] raid6: sse2x1   gen()  9302 MB/s
[   26.424781] raid6: sse2x1   xor()  6965 MB/s
[   26.501065] raid6: sse2x2   gen() 10806 MB/s
[   26.585073] raid6: sse2x2   xor()  7076 MB/s
[   26.676689] raid6: sse2x4   gen() 12483 MB/s
[   26.776560] raid6: sse2x4   xor()  7507 MB/s
[   26.849706] raid6: avx2x1   gen() 17954 MB/s
[   26.980590] raid6: avx2x2   gen() 20953 MB/s
[   27.121246] raid6: avx2x4   gen() 22105 MB/s
[   27.189119] raid6: using algorithm avx2x4 gen() 22105 MB/s
[   27.200738] raid6: using avx2x2 recovery algorithm
[   27.202795] xor: automatically using best checksumming function:
[   27.284633]    avx       : 20484.000 MB/sec
[   27.357643] async_tx: api initialized (async)
[   27.402309] md: raid6 personality registered for level 6
[   27.489017] md: raid5 personality registered for level 5
[   27.524088] md: raid4 personality registered for level 4
[   27.631416] md: raid10 personality registered for level 10
done.
Begin: Running /scripts/init-premount ... done.
Begin: Mounting root file sys[   27.762813] Btrfs loaded
tem ... Begin: Running /scripts/local-top ... done.
Begin: Running /scripts/local-premount ... Scanning for Btrfs filesystems
done.
Warning: fsck not present, so skipping root file system
[   28.021380] EXT4-fs (sda1): mounted filesystem with ordered data mode. Opts: (null)
done.
Begin: Running /scripts/local-bottom ... done.
Begin: Running /scripts/init-bottom ... done.
[   28.941758] random: nonblocking pool is initialized
[   29.503772] systemd[1]: systemd 229 running in system mode. (+PAM +AUDIT +SELINUX +IMA +APPARMOR +SMACK +SYSVINIT +UTMP +LIBCRYPTSETUP +GCRYPT +GNUTLS +ACL +XZ -LZ4 +SECCOMP +BLKID +ELFUTILS +KMOD -IDN)
[   29.612368] systemd[1]: Detected virtualization oracle.
[   29.646433] systemd[1]: Detected architecture x86-64.

Welcome to [1mUbuntu 16.04.4 LTS[0m!

[   29.833655] systemd[1]: Set hostname to <ubuntu-xenial>.
[   31.999969] systemd[1]: [/etc/systemd/system/puma.service:6] Failed to parse service type, ignoring: Simple
[   32.268764] systemd[1]: Listening on Device-mapper event daemon FIFOs.
[[0;32m  OK  [0m] Listening on Device-mapper event daemon FIFOs.
[   32.292643] systemd[1]: Listening on LVM2 poll daemon socket.
[[0;32m  OK  [0m] Listening on LVM2 poll daemon socket.
[   32.333670] systemd[1]: Listening on LVM2 metadata daemon socket.
[[0;32m  OK  [0m] Listening on LVM2 metadata daemon socket.
[   32.386827] systemd[1]: Listening on Syslog Socket.
[[0;32m  OK  [0m] Listening on Syslog Socket.
[   32.462914] systemd[1]: Listening on /dev/initctl Compatibility Named Pipe.
[[0;32m  OK  [0m] Listening on /dev/initctl Compatibility Named Pipe.
[   32.629624] systemd[1]: Started Trigger resolvconf update for networkd DNS.
[[0;32m  OK  [0m] Started Trigger resolvconf update for networkd DNS.
[   32.770731] systemd[1]: Reached target User and Group Name Lookups.
[[0;32m  OK  [0m] Reached target User and Group Name Lookups.
[   32.832083] systemd[1]: Created slice User and Session Slice.
[[0;32m  OK  [0m] Created slice User and Session Slice.
[   32.963714] systemd[1]: Listening on udev Kernel Socket.
[[0;32m  OK  [0m] Listening on udev Kernel Socket.
[   33.000749] systemd[1]: Reached target System Time Synchronized.
[[0;32m  OK  [0m] Reached target System Time Synchronized.
[   33.044790] systemd[1]: Started Forward Password Requests to Wall Directory Watch.
[[0;32m  OK  [0m] Started Forward Password Requests to Wall Directory Watch.
[   33.258199] systemd[1]: Set up automount Arbitrary Executable File Formats File System Automount Point.
[[0;32m  OK  [0m] Set up automount Arbitrary Executab...ats File System Automount Point.
[   33.469535] systemd[1]: Reached target Swap.
[[0;32m  OK  [0m] Reached target Swap.
[   33.540874] systemd[1]: Listening on Journal Audit Socket.
[[0;32m  OK  [0m] Listening on Journal Audit Socket.
[   33.661202] systemd[1]: Listening on Journal Socket.
[[0;32m  OK  [0m] Listening on Journal Socket.
[   33.765540] systemd[1]: Listening on udev Control Socket.
[[0;32m  OK  [0m] Listening on udev Control Socket.
[   33.841042] systemd[1]: Created slice System Slice.
[[0;32m  OK  [0m] Created slice System Slice.
[   33.857162] systemd[1]: Mounting Huge Pages File System...
         Mounting Huge Pages File System...
[   33.885205] systemd[1]: Mounting POSIX Message Queue File System...
         Mounting POSIX Message Queue File System...
[   33.915388] systemd[1]: Starting Nameserver information manager...
         Starting Nameserver information manager...
[   34.101333] systemd[1]: Starting Set console keymap...
         Starting Set console keymap...
[   34.125072] systemd[1]: Created slice system-serial\x2dgetty.slice.
[[0;32m  OK  [0m] Created slice system-serial\x2dgetty.slice.
[   34.252683] systemd[1]: Starting Load Kernel Modules...
         Starting Load Kernel Modules...
[   34.265954] systemd[1]: Starting Uncomplicated firewall...
         Starting Uncomplicated firewall...
[   34.292721] systemd[1]: Reached target Slices.
[[0;32m  OK  [0m] Reached target Slices.
[ 34.333244 systemd[]:tain Creae list of required static device nodes for the current kernel...
         Starting Create list of required st... nodes for the current kernel...
[   34.805559] systemd[1]: Starting Remount Root and Kernel File Systems...
         Starting Remount Root and Kernel File Systems...
[   34.891030] systemd[1]: Mounting Debug File System...
         Mounting Debug F[   34.922415] EXT4-fs (sda1): re-mounted. Opts: (null)
ile System...
[   34.937934] systemd[1]: Starting Monitoring of LVM2 mirrors, snapshots etc. using dmeventd or progress polling...
         Starting Monitoring of LVM2 mirrors... dmeventd or progress polling...
[   34.993464] systemd[1]: Reached target Encrypted Volumes.
[[0;32m  OK  [0m] Reached target Encrypted Volumes.
[   35.015821] systemd[1]: Listening on Journal Socket (/dev/log).
[[0;32m  OK  [0m] Listening on Journal Socket (/dev/log).
[   35.025937] systemd[1]: Starting Journal Service...
         Starting Journal Service...
[   35.039242] systemd[1]: Mounted Debug File System.
[[0;32m  OK  [0m] Mounted Debug File System.
[   35.0698]ysmd[1]: Monted geages ilSyem

[   35.583611] Loading iSCSI transport class v2.0-870.
[[0;32m  OK  [0m] Mounted Huge Pages File System.
[   35.590498] systemd[1]: Mounted POSIX Message Queue File System.
[[0;32m  OK  [0m] Mounted POSIX Message Queue File System.
[   35.686012] systemd[1]: Started Set console keymap.
[[0;32m  OK  [0m] Started Set console keymap.
[   35.755742] systemd[1]: Started Uncomplicated firewall.
[[0;32m  OK  [0m] Started Uncomplicated firewall.
[   35.789551] systemd[1]: Started Create list of required static device nodes for the current kernel.
[[0;32m  OK  [0m] Started Create list of required sta...ce nod[   35.837363] iscsi: registered transport (tcp)
es for the current kernel.
[   35.897824] systemd[1]: Started Remount Root and Kernel File Systems.
[[0;32m  OK  [0m] Started Remount Root and Kernel File Systems.
[   35.932904] systemd[1]: Started Nameserver information manager.
[[0;32m  OK  [0m] Started Nameserver information manager.
[   36.021638] systemd[1]: Started LVM2 metadata daemon.
[[0;32m  OK  [0m] Started LVM2 metadata daemon.
[   36.039469] systemd[1]: Starting Initial cloud-init job (pre-networking)...
         Starting Initial cloud-init job (pre-networking)...
[   36.043548] systemd[1]: Starting Load/Save Random Seed...
         Starting Load/Save Random Seed...
[   36.245335] systemd[1]: Starting udev Coldplug all Devices...
         Starting udev Coldplug all Devices...
[   36.5810] systemd[1]: Starting Create Static Device Nodes in /dev...
         Starting Create Static Device Nodes in /dev...
[   36.690025] systemd[1]: Started Journal Service.
[[0;32m  OK  [0m] Started Journal Service.
[[0;32m  OK  [0m] Started Load/Save Random Seed.
         Starting Flush Journal to Persistent Storage...
[[0;32m  OK  [0m] Started udev Coldplug all Devices.
[   36.812250] iscsi: registered transport (iser)
[[0;32m  OK  [0m] Started Load Kernel Modules.
         Mounting FUSE Control File System...
         Starting Apply Kernel Variables...
[[0;32m  OK  [0m] Mounted FUSE Control File System.
[[0;32m  OK  [0m] Started Monitoring of LVM2 mirrors,...ng dmeventd or progress polling.
[   36.941251] systemd-journald[417]: Received request to flush runtime journal from PID 1
[[0;32m  OK  [0m] Started Flush Journal to Persistent Storage.
[[0;32m  OK  [0m] Started Apply Kernel Variables.
[[0;32m  OK  [0m] Started Create Static Device Nodes in /dev.
         Starting udev Kernel Device Manager...
[[0;32m  OK  [0m] Started udev Kernel Device Manager.
[[0;32m  OK  [0m] Reached target Local File Systems (Pre).
[[0;32m  OK  [0m] Reached target Local File Systems.
         Starting LSB: AppArmor initialization...
         Starting Tell Plymouth To Write Out Runtime Data...
         Starting Create Volatile Files and Directories...
         Starting Set console font and keymap...
[[0;32m  OK  [0m] Started Dispatch Password Requests to Console Directory Watch.
[[0;32m  OK  [0m] Started Tell Plymouth To Write Out Runtime Data.
[[0;32m  OK  [0m] Found device /dev/ttyS0.
[[0;32m  OK  [0m] Started Create Volatile Files and Directories.
         Starting Update UTMP about System Boot/Shutdown...
[[0;32m  OK  [0m] Started Update UTMP about System Boot/Shutdown.
[[0;32m  OK  [0m] Started Set console font and keymap.
[[0;32m  OK  [0m] Created slice system-getty.slice.
[[0;32m  OK  [0m] Found device 82540EM Gigabit Ethern...r (PRO/1000 MT Desktop Adapter).
[[0;32m  OK  [0m] Listening on Load/Save RF Kill Switch Status /dev/rfkill Watch.
[[0;32m  OK  [0m] Started LSB: AppArmor initialization.
[   28.076651] cloud-init[436]: Cloud-init v. 17.2 running 'init-local' at Thu, 12 Apr 2018 09:05:42 +0000. Up 27.34 seconds.
[[0;32m  OK  [0m] Started Initial cloud-init job (pre-networking).
[[0;32m  OK  [0m] Reached target Network (Pre).
         Starting Raise network interfaces...
[[0;32m  OK  [0m] Started ifup for enp0s3.
[[0;32m  OK  [0m] Started Raise network interfaces.
[[0;32m  OK  [0m] Reached target Network.
         Starting Initial cloud-init job (metadata service crawler)...
[   30.860834] cloud-init[972]: Cloud-init v. 17.2 running 'init' at Thu, 12 Apr 2018 09:05:44 +0000. Up 29.55 seconds.
[[0;32m  OK  [0m] Started Initial cloud-init job (metadata service crawler).
[[   30.955227] cloud-init[972]: ci-info: +++++++++++++++++++++++++++++++++++++Net device info++++++++++++++++++++++++++++++++++++++
[   31.007663] cloud-init[972]: ci-info: +--------+------+----------------------------+---------------+-------+-------------------+
[   31.007745] cloud-init[972]: ci-info: | Device |  Up  |          Address           |      Mask     | Scope |     Hw-Address    |
[0;32m  OK  [0m] Reached target Cloud-config availability.
[   31.007926] cloud-init[972]: ci-info: +--------+------+----------------------------+---------------+-------+-------------------+
[   31.129787] cloud-init[972]: ci-info: | enp0s3 | True |         10.0.2.15          | 255.255.255.0 |   .   | 02:2c:d4:57:a0:4b |
[   31.129868] cloud-init[972]: ci-info: | enp0s3 | True | fe80::2c:d4ff:fe57:a04b/64 |       .       |  link | 02:2c:d4:57:a0:4b |
[[0;32m  OK  [0m] Reached target Network is Online.
[   31.130118] cloud-init[972]: ci-info: |   lo   | True |         127.0.0.1          |   255.0.0.0   |   .   |         .         |
[   31.239027]          cloud-init[972]: ci-info: |   lo   | True |          ::1/128           |       .       |  host |         .         |
[   31.239829] cloud-init[972]: ci-info: +--------+------+----------------------------+---------------+-------+-------------------+
Starting iSCSI initiator daemon (iscsid)...
[   31.239908] cloud-init[972]: ci-info: +++++++++++++++++++++++++++Route IPv4 info++++++++++++++++++++++++++++
[   31.377043] cloud-init[972]: ci-info: +-------+-------------+----------+---------------+-----------+-------+
[[0;32m  OK  [0m] Reached target System Initialization.
[[   31.377118] cloud-init[972]: ci-info: | Route | Destination | Gateway  |    Genmask    | Interface | Flags |
[   31.449167] cloud-init[972]: ci-info: +-------+-------------+----------+---------------+-----------+-------+
[0;32m  OK  [0m] Started Daily Cleanup of Temporary Directories.
[   31.449206] cloud-init[972]: ci-info: |   0   |   0.0.0.0   | 10.0.2.2 |    0.0.0.0    |   enp0s3  |   UG  |
[   31.729049] cloud-init[972]: ci-info: |   1   |   10.0.2.0  | 0.0.0.0  | 255.255.255.0 |   enp0s3  |   U   |
[   31.729284] cloud-init[972]: ci-info: +-------+-------------+----------+---------------+-----------+-------+
[[0;32m  OK  [0m] Started ACPI Events Check.
[[0;32m  OK  [0m] Reached target Paths.
         Starting Socket activation for snappy daemon.
         Starting LXD - unix socket.
[[0;32m  OK  [0m] Listening on UUID daemon activation socket.
[[0;32m  OK  [0m] Listening on ACPID Listen Socket.
[[0;32m  OK  [0m] Listening on D-Bus System Message Bus Socket.
[[0;32m  OK  [0m] Started Daily apt download activities.
[[0;32m  OK  [0m] Started Timer to automatically refresh installed snaps.
[[0;32m  OK  [0m] Started Daily apt upgrade and clean activities.
[[0;32m  OK  [0m] Reached target Timers.
[[0;32m  OK  [0m] Listening on Socket activation for snappy daemon.
[[0;32m  OK  [0m] Listening on LXD - unix socket.
[[0;32m  OK  [0m] Reached target Sockets.
[[0;32m  OK  [0m] Reached target Basic System.
[[0;32m  OK  [0m] Started Unattended Upgrades Shutdown.
         Starting Accounts Service...
         Starting System Logging Service...
         Starting Login Service...
[[0;32m  OK  [0m] Started FUSE filesystem for LXC.
[[0;32m  OK  [0m] Started ACPI event daemon.
         Starting Virtualbox guest utils...
         Starting LXD - container startup/shutdown...
[[0;32m  OK  [0m] Started Puma HTTP Server.
         Starting Pollinate to seed the pseudo random number generator...
         Starting LSB: MD monitoring daemon...
         Starting LSB: Record successful boot for GRUB...
         Starting /etc/rc.local Compatibility...
[[0;32m  OK  [0m] Started Regular background program processing daemon.
[[0;32m  OK  [0m] Started D-Bus System Message Bus.
[[0;32m  OK  [0m] Started Deferred execution scheduler.
         Starting Apply the settings specified in cloud-config...
         Starting Snappy daemon...
[[0;32m  OK  [0m] Started System Logging Service.
[[0;32m  OK  [0m] Started iSCSI initiator daemon (iscsid).
[[0;32m  OK  [0m] Started /etc/rc.local Compatibility.
         Starting Login to default iSCSI targets...
[[0;32m  OK  [0m] Started Login Service.
[[0;32m  OK  [0m] Started LSB: Record successful boot for GRUB.
         Starting Authenticate and Authorize Users to Run Privileged Tasks...
[[0;32m  OK  [0m] Started LSB: MD monitoring daemon.
[[0;32m  OK  [0m] Started Login to default iSCSI targets.
[[0;32m  OK  [0m] Reached target Remote File Systems (Pre).
[[0;32m  OK  [0m] Reached target Remote File Systems.
         Starting LSB: Start/stop sysstat's sadc...
         Starting LSB: automatic crash report generation...
         Starting LSB: Set the CPU Frequency Scaling governor to "ondemand"...
         Starting LSB: daemon to balance interrupts for SMP systems...
         Starting Permit User Sessions...
[[0;32m  OK  [0m] Started LSB: Set the CPU Frequency Scaling governor to "ondemand".
[[0;32m  OK  [0m] Started LSB: Start/stop sysstat's sadc.
[[0;32m  OK  [0m] Started Permit User Sessions.
[   38.023370] cloud-init[1144]: Cloud-init v. 17.2 running 'modules:config' at Thu, 12 Apr 2018 09:05:51 +0000. Up 36.32 seconds.
         Starting Terminate Plymouth Boot Screen...
         Starting Hold until boot process finishes up...
[[0;32m  OK  [0m] Started Apply the settings specified in cloud-config.
[[0;32m  OK  [0m] Started Terminate Plymouth Boot Screen.
[[0;32m  OK  [0m] Started Hold until boot process finishes up.
[[0;32m  OK  [0m] Started Getty on tty1.
         Starting Set console scheme...
[[0;32m  OK  [0m] Started Serial Getty on ttyS0.
[[0;32m  OK  [0m] Reached target Login Prompts.
[[0;32m  OK  [0m] Started LSB: daemon to balance interrupts for SMP systems.
[[0;32m  OK  [0m] Started Authenticate and Authorize Users to Run Privileged Tasks.
[[0;32m  OK  [0m] Started Accounts Service.
[[0;32m  OK  [0m] Started Set console scheme.
[[0;32m  OK  [0m] Started Virtualbox guest utils.
[[0;32m  OK  [0m] Started LSB: automatic crash report generation.
[[0;32m  OK  [0m] Started LXD - container startup/shutdown.
[[0;32m  OK  [0m] Started Snappy daemon.

Ubuntu 16.04.4 LTS ubuntu-xenial ttyS0

ubuntu-xenial login: [   52.762968] cloud-init[1473]: Cloud-init v. 17.2 running 'modules:final' at Thu, 12 Apr 2018 09:06:07 +0000. Up 52.26 seconds.
[   52.763197] cloud-init[1473]: Cloud-init v. 17.2 finished at Thu, 12 Apr 2018 09:06:08 +0000. Datasource DataSourceNoCloud [seed=/dev/sdb][dsmode=net].  Up 52.75 seconds
