[   0.00] Iniaizng cousubsysput
[   0000] itlizig grp ubyspu
[  .00000]nializg group subsys cpuacct
[    0.000000] Linux version 4.4.0-11geri (buldlg01-a6421) (g vsion 5.0206009 (butu.40-buu1164. )#140buu SMMoFe 1213:4 UT208 (Unt4.4.01640geri4..98)[   0.0000 Cmmand in: OO_IMAGE=/boot/vmlinuz-4.4.0-116-genec oo=LABL=lodimg-rootfs ro console=tty1 console=ttyS0
[    0.000000] KERNEL supported cpus:
[   0.000  Intel nuneInl[   .0000] A AthencAD
[    0.000000]   Centaur CentaurHauls
[    0.000000] x86/fpu: xstate_offset[2]:  576, xstate_sizes[2]:  256
[    0.000000] x86/fpu: Supporting XSAVE feature 0x01: 'x87 floating point registers'
[    0.000000] x86/fpu: Supporting XSAVE feature 0x02: 'SSE regsts'
[   0.00] 86/f: pporngSAE feur0x04 'VX registers'
[    0.000000] x86/fpu: Enabled xstate features 0x7, context size is 832 bytes, using 'standard' format.
[    0.000000] x86/fpu: Using 'lazy' FPU context switches.
[    0.000000] e820: BIOS-provided physical RAM map:
[    0.000000] BIOS-e820: [mem 0x0000000000000000-0x000000000009fbff] usable
[    0.000000] BIOS-e820: [mem 0x000000000009fc00-0x000000000009ffff] reserved
[    0.000000] BIOS-e820: [mem 0x00000000000f0000-0x00000000000fffff] reserved
[    0.000000] BIOS-e820: [mem 0x0000000000100000-0x000000007ffeffff] usable
[    0.000000] BIOS-e820: [mem 0x000000007fff0000-0x000000007fffffff] ACPI data
[    0.000000] BIOS-e820: [mem 0x00000000fec00000-0x00000000fec00fff] reserved
[    0.000000] BIOS-e820: [mem 0x00000000fee00000-0x00000000fee00fff] reserved
[    0.000000] BIOS-e820: [mem 0x00000000fffc0000-0x00000000ffffffff] reserved
[    0.000000] NX (Execute Disable) protection: active
[    000000] SIO2.5 est.
[    0.00] Hyrvor deecd:KVM
[  00000] 820: last_pfn = 0x7fff0 max_arch_pfn = 0x400000000
[    0.000000] MTRR: Disabled
[    0.000000] x86/PAT: MTRRs disabled, skipping PAT initialization too.
[    0.000000] CPU MTRRs all blank - virtualized system.
[    0.000000] x86/PA: nfigatio[0-7 W W  UCUCWB WT C-UC  
   00000] ou SP MPab at emx009f0x009ff] ppedt ff88000009fff0]
[    0.000000] Scanning 1 areas for low memory corruption
[    0.000000] RAMDISK: [mem 0x36204000-0x370f9fff]
[    0.000000] ACPI: Early table checksum verification disabled
[    0.000000] ACPI: RSDP 0x00000000000E0000 000024 (v02 VBOX  )
[    0.000000] ACPI: XSDT 0x000000007FFF0030 00003C (v01 VBOX   VBOXXSDT 00001ASL 00061)
   00000] AC: CP0x00007FFFF000F4 (4 VBOX   VBOXFACP 00000001 ASL  00000061)
[    0.000000] ACPI: DSDT 0x000000007FFF0470 0021FF (v02 VBOX   VBOXBIOS 00000002 INTL 20100528)
[    0.000000] ACPI: FACS 0x000000007FFF0200 000040
[    0.000000] ACPI: FACS 0x000000007FFF0200 000040
[  0000000AC: PI 0000007F00 005Cv0 VX VBXAPIC 000000001 ASL  00000061)
[    0.000000] ACPI: SSDT 0x000000007FFF02A0 0001CC (v01 VBOX   VBOXCPUT 00000002 INTL 01008)
[    0.00000] No NUMA configuration und
[    0.000000] Fakinga deat [em 0x00000000000000x00007ffeff
   0.000 NODDA(0) loted me 0ffb000x7efff
   0.0000]vmcloc Ung msrs 4b564d01 and 4b564d00
[    0.000000] kvm-clock: cpu 0, msr 0:7ffe3001, primary cpu clock
[    0.000000] kvm-clock: using sched offset of 4107332079 cycles
[    0.000000] clocksource: kvm-clock: mask: 0xffffffffffffffff max_cycles:0x1cd42e4dffb, max_idle_ns: 881590591483 ns
[    0.000000] Zone ranges:
[    0.000000]   DMA      [mem 0x0000000000001000-0x0000000000ffffff]
[    0.000000]   DMA32    [mem 0x0000000001000000-0x000000007ffeffff]
[    0.000000]   Normal   empty
[    0.000000]   Device   empty
[    0.000000] Movable zone start for each node
[    0.000000] Early memory node ranges
[    0.000000]   node   0: [mem 0x0000000000001000-0x000000000009efff]
[    0.000000]   node   0: [mem 0x0000000000100000-0x000000007ffeffff]
[    0.000000] Initmem setup node 0 [mem 0x0000000000001000-0x000000007ffeffff]
[    0.000000] ACPI: PM-Timer IO Port: 0x4008
[    0.000000] IOAPIC[0]: apic_id 2, version 32, address 0xfec00000, GSI 0-23
[    0.000000] ACPI: INT_SRC_OVR (bus 0 bus_irq 0 global_irq 2 dfl dfl)
[    0.000000] ACPI: INT_SRC_OVR (bus bus_irq 9 global_irq 9 low level)
[    0.000000] Using ACPI (MADT) for SMP configuration information
[    0.000000] smpboot: Allowing 2 CPUs, 0 hotplug CPUs
[    0.000000] PM: Reiser nosav mmory[m 0x0000-0x0000f][   0.000]PM: gieredose emy:[mm 0x0000-0x09ff]
[   0.000] P Risted sae mery [em 0x000a0000-0x000effff]
[    0.000000] PM: Registered nosave memory: [mem 0x000f0000-0x000fffff]
[    0.000000] e820: [mem 0x80000000-0ebff] avaibl for P dices
  0.000000] Booting paravirtualized kernel on KVM
[    0.000000] clocsource rfiediffis:as: 0xffff maxycs:0xffff, maid_ns:76559602118 
[   .0000]et_prc: _CUS:5 n_cpuskits:2 _cpuds n_nod_i:1
[   .000] PEPUEmbeed34pagecp@fff80fc0000 s54r819d3528 u1048576
[    0.000000] PV qspinlock hash table entries: 256 (order: 0, 4096 bytes)
[    0.000000] Built 1 zonelists in Node order, mobility grouping on.  Total pages: 515961
[    0.000000] Policy zone: DMA32
[    0.000000] Kernel command line: BOOT_IMAGE=/boot/vmlinuz-4.4.0-116-generic root=LABEL=cloudimg-rootfs ro console=tty1 console=ttyS0
[    0.000000] PID hash table entries: 4096 (order: 3, 32768 bytes)
[    0.000000] Memory: 2029404K/2096696K available (8530K kernel code, 1309K rwdata, 3992K rodata, 1508K init, 1316K bss, 67292K reserved, 0K cma-resered
   0.0000]LUB: aln=4, Orr=3, MObct=0, Us, od=1
[   .000] rn/Uerpa tbles solaio: enle
[    0.0000]ierarccaRCU plentaon
[    0.000000] 	Build-time adjusme o leaf fanout to 64.
[    .000] 	RU sticti Cs frm R_PUS=512 to nr_cpu_ids=2.
[    0.000000] RCU: Adjusting geometry for rcu_fanout_leaf=64, nr_cpu_ids=2
[    0.000000] NR_IRQS:33024 nr_irqs:440 16
[    0.000000] Consol: courGA+ x2
[   0.00] cool[ty1] abd
[  000000]onol [tyS0] ebld[    0.000000] tsc: Detected 3200.012 MHz processor
[    9.091243] Calibrating delay loop (skipped) preset value.. 6400.02 BogoMIPS (lpj=12800048)
[    9.237940] pid_max: default: 32768 minimum: 301
[    9.238667] ACPI: Core revision 20150930
[    9.240307] ACPI: 2 ACPI AML tables successfully acquired and loaded
[    9.242499] Security Framework initialized
[    9.243166] Yama: becoming mindful.
[    9.243775] AppArmor: AppArmor initialized
[    9.263920] Dentry cache hash table entries: 262144 (order: 9, 2097152 bytes)
[    9.266814] Inode-cache hash table entries: 131072 (order: 8, 1048576 bytes)
[    9.301055] Mount-cache hash table entries: 4096 (order: 3, 32768 bytes)
[    9.469586] Mountpoint-cache hash table entries: 4096 (order: 3, 32768 bytes)
[    9.675480] Initializing cgroup subsys io
[    9.783846] Initializing cgroup subsys memory
[    9.784533] Initializing cgroup subsys devices
[    9.785231] Initializing cgroup subsys freezer
[    9.785980] Initializing cgroup subsys net_cls
[    9.786659] Initializing cgroup subsys perf_event
[    9.794306] Initializing cgroup subsys net_prio
[    9.814495] Initializing cgroup subsys hugetlb
[    9.815201] Initializing cgroup subsys pids
[    9.815924] CPU: Physical Processor ID: 0
[    9.816561] CPU: Processor Core ID: 0
[    9.817201] FEATURE SPEC_CTRL Not Present
[    9.818756] mce: CPU supports 0 MCE banks
[    9.826871] Last level iTLB entries: 4KB 1024, 2MB 1024, 4MB 1024
[    9.871708] Last level dTLB entries: 4KB 1024, 2MB 1024, 4MB 1024, 1GB 4
[    9.999771] Spectre V2 mitigation: Mitigation: Full generic retpoline
[   10.163371] Spectre V2 mitigation: Speculation control IBPB not-supported IBRS not-supported
[   10.408007] Freeing SMP alternatives memory: 32K
[   10.525340] ftrace: allocating 32186 entries in 126 pages
[   10.744540] smpboot: APIC(0) Converting physical 0 to logical package 0
[   10.907284] smpboot: Max logical packages: 1
[   10.908249] x2apic enabled
[   10.908960] Switched APIC routing to physical x2apic.
[   10.912217] ..TIMER: vector=0x30 apic1=0 pin1=2 apic2=-1 pin2=-1
[   11.017379] smpboot: CPU0: Intel(R) Core(TM) i5-4460  CPU @ 3.20GHz (family: 0x6, model: 0x3c, stepping: 0x3)
[   11.279462] Performance Events: unsupported p6 CPU model 60 no PMU driver, software events only.
[   11.280947] KVM setup paravirtual spinlock
[   11.370549] x86: Booting SMP configuration:
[   11.453650] .... node  #0, CPUs:      #1
[   11.494531] kvm-clock: cpu 1, msr 0:7ffe3041, secondary cpu clock
[   11.516130] mce: CPU supports 0 MCE banks
[   11.548547] x86: Booted up 1 node, 2 CPUs
[   11.602412] smpboot: Total of 2 processors activated (12800.04 BogoMIPS)
[   11.606706] devtmpfs: initialized
[   11.663991] evm: security.selinux
[   11.673299] evm: security.SMACK64
[   11.673884] evm: security.SMACK64EXEC
[   11.674498] evm: security.SMACK64TRANSMUTE
[   11.675362] evm: security.SMACK64MMAP
[   11.675956] evm: security.ima
[   11.676475] evm: security.capability
[   11.677302] clocksource: jiffies: mask: 0xffffffff max_cycles: 0xffffffff, max_idle_ns: 7645041785100000 ns
[   11.733695] futex hash table entries: 512 (order: 3, 32768 bytes)
[   11.786669] pinctrl core: initialized pinctrl subsystem
[   11.793565] RTC time: 10:55:45, date: 03/20/18
[   11.794443] NET: Registered protocol family 16
[   11.805919] cpuidle: using governor ladder
[   11.853453] cpuidle: using governor menu
[   11.983409] PCCT header not found.
[   12.048486] ACPI: bus type PCI registered
[   12.115072] acpiphp: ACPI Hot Plug PCI Controller Driver version: 0.5
[   12.116114] PCI: Using configuration type 1 for base access
[   12.130402] ACPI: Added _OSI(Module Device)
[   12.136799] ACPI: Added _OSI(Processor Device)
[   12.137532] ACPI: Added _OSI(3.0 _SCP Extensions)
[   12.138286] ACPI: Added _OSI(Processor Aggregator Device)
[   12.139943] ACPI: Executed 1 blocks of module-level executable AML code
[   12.185295] ACPI: Interpreter enabled
[   12.294612] ACPI: (supports S0 S5)
[   12.330382] ACPI: Using IOAPIC for interrupt routing
[   12.354762] PCI: Using host bridge windows from ACPI; if necessary, use "pci=nocrs" and report a bug
[   12.366836] ACPI: PCI Root Bridge [PCI0] (domain 0000 [bus 00-ff])
[   12.367752] acpi PNP0A03:00: _OSC: OS supports [ASPM ClockPM Segments MSI]
[   12.368788] acpi PNP0A03:00: _OSC: not requesting OS control; OS requires [ExtendedConfig ASPM ClockPM MSI]
[   12.370360] acpi PNP0A03:00: fail to add MMCONFIG information, can't access extended PCI configuration space under this bridge.
[   12.372415] PCI host bridge to bus 0000:00
[   12.381547] pci_bus 0000:00: root bus resource [io  0x0000-0x0cf7 window]
[   12.382565] pci_bus 0000:00: root bus resource [io  0x0d00-0xffff window]
[   12.383582] pci_bus 0000:00: root bus resource [mem 0x000a0000-0x000bffff window]
[   12.384917] pci_bus 0000:00: root bus resource [mem 0x80000000-0xfdffffff window]
[   12.386186] pci_bus 0000:00: root bus resource [bus 00-ff]
[   12.388899] pci 0000:00:01.1: legacy IDE quirk: reg 0x10: [io  0x01f0-0x01f7]
[   12.558038] pci 0000:00:01.1: legacy IDE quirk: reg 0x14: [io  0x03f6]
[   12.577889] pci 0000:00:01.1: legacy IDE quirk: reg 0x18: [io  0x0170-0x0177]
[   12.613537] pci 0000:00:01.1: legacy IDE quirk: reg 0x1c: [io  0x0376]
[   12.675653] pci 0000:00:07.0: quirk: [io  0x4000-0x403f] claimed by PIIX4 ACPI
[   12.763029] pci 0000:00:07.0: quirk: [io  0x4100-0x410f] claimed by PIIX4 SMB
[   12.944765] ACPI: PCI Interrupt Link [LNKA] (IRQs 5 9 10 *11)
[   13.109327] ACPI: PCI Interrupt Link [LNKB] (IRQs 5 9 *10 11)
[   13.271366] ACPI: PCI Interrupt Link [LNKC] (IRQs 5 *9 10 11)
[   13.419120] ACPI: PCI Interrupt Link [LNKD] (IRQs 5 9 10 *11)
[   13.529688] ACPI: Enabled 2 GPEs in block 00 to 07
[   13.653564] vgaarb: setting as boot device: PCI:0000:00:02.0
[   13.761871] vgaarb: device added: PCI:0000:00:02.0,decodes=io+mem,owns=io+mem,locks=none
[   13.788243] vgaarb: loaded
[   13.788804] vgaarb: bridge control possible 0000:00:02.0
[   13.789893] SCSI subsystem initialized
[   13.790697] ACPI: bus type USB registered
[   13.791483] usbcore: registered new interface driver usbfs
[   13.792351] usbcore: registered new interface driver hub
[   13.793222] usbcore: registered new device driver usb
[   13.795440] PCI: Using ACPI for IRQ routing
[   13.796388] NetLabel: Initializing
[   13.797021] NetLabel:  domain hash size = 128
[   13.805180] NetLabel:  protocols = UNLABELED CIPSOv4
[   13.805978] NetLabel:  unlabeled traffic allowed by default
[   13.807027] amd_nb: Cannot enumerate AMD northbridges
[   13.807856] clocksource: Switched to clocksource kvm-clock
[   .82059Aprm: pAorilysm abd[ 14946]npPnACI it[ 14.838 p: P PIfod dece
[   15.316573] clocksource: acpi_pm: mask: 0xffffff max_cycles: 0xffffff, max_idle_ns: 2085701024 ns
[   15.416321] NET: Registered protocol family 2
[   15.417193] TCP established hash table entries: 16384 (order: 5, 131072 bytes)
[   15.418401] TCP bind hash table entries: 16384 (order: 6, 262144 bytes)
[   15.419534] TCP: Hash tables configured (established 16384 bind 16384)
[   15.427030] UDP hash table entries: 1024 (order: 3, 32768 bytes)
[   15.427943] UDP-Lite hash table entries: 1024 (order: 3, 32768 bytes)
[   15.428934] NET: Registered protocol family 1
[   15.429702] pci 0000:00:00.0: Limiting direct PCI/PCI transfers
[   15.430642] pci 0000:00:01.0: Activating ISA DMA hang workarounds
[   15.431647] Unpacking initramfs...
[ 157542] Frein itr mmo: 32
[ 16673]APPMdect, I its ^- Jle 4ixd cote 137180 s flim
  7.02]  uit o domain pp0-core 2^-0 Joules
[   17.512553] hw unit of domain package 2^-0 Joules
[   17.513300] hw unit of domain dram 2^-0 Joules
[   17.514001] hw unit of domain pp1-gpu 2^-0 Joules
[   17.514846] pltfm c_osrestedlafom RTdeic(nPNdeceou)[   182347Scni f l morcouponvey  seconds
[  18825ts Rind SCclksrccabrio 39.9 z
[  9.98] losource: sc mask:xffffffff x_cl: 2e5dae m_ie_: 405306ns
[   9.011] audi iitlingetnkubs isbl)
[   19.610181] audit: type=2000 audit(1521543345.643:1): initialized
[   19.610398] Initialise system trusted keyring
[   19.610481] HugeTLB registered 2 MB page size, pre-allocated 0 pages
[   19.611774] zbud: loaded
[   19.612011] VFS: Disk quotas dquot_6.6.0
[   19.612033] VFS: Dquot-cache hash table entries: 512 (order 0, 4096 bytes)
[   19.612264] squashfs: version 4.0 (2009/01/31) Phillip Lougher
[   19.612427] fuse init (API version 7.23)
[   19.612517] Key type big_key registered
[   19.612527] Allocating IMA MOK and blacklist keyrings.
[   19.612711] Key type asymmetric registered
[   19.612713] Asymmetric key parser 'x509' registered
[   19.612740] Block layer SCSI generic (bsg) driver version 0.4 loaded (major 249)
[   19.612755] io scheduler noop registered
[   19.612757] io scheduler deadline registered (default)
[   19.612777] io scheduler cfq registered
[   19.612850] pci_hotplug: PCI Hot Plug PCI Core version: 0.5
[   19.612854] pciehp: PCI Express Hot Plug Controller Driver version: 0.4
[   19.612958] ACPI: AC Adapter [AC] (on-line)
[   19.612997] input: Power Button as /devices/LNXSYSTM:00/LNXPWRBN:00/input/input0
[   19.612999] ACPI: Power Button [PWRF]
[   19.613052] input: Sleep Button as /devices/LNXSYSTM:00/LNXSLPBN:00/input/input1
[   19.613054] ACPI: Sleep Button [SLPF]
[   19.613185] GHES: HEST is not enabled!
[   19.613249] Serial: 8250/16550 driver, 32 ports, IRQ sharing enabled
[   20.784537] 00:02: ttyS0 at I/O 0x3f8 (irq = 4, base_baud = 115200) is a 16550A
[   21.365154] Linux agpgart interface v0.103
[   21.454887] loop: module loaded
[   21.455313] scsi host0: ata_piix
[   21.455357] scsi host1: ata_piix
[   21.455381] ata1: PATA max UDMA/33 cmd 0x1f0 ctl 0x3f6 bmdma 0xd000 irq 14
[   21.455382] ata2: PATA max UDMA/33 cmd 0x170 ctl 0x376 bmdma 0xd008 irq 15
[   21.455453] libphy: Fixed MDIO Bus: probed
[   21.455455] tun: Universal TUN/TAP device driver, 1.6
[   21.455456] tun: (C) 1999-2004 Max Krasnyansky <maxk@qualcomm.com>
[   21.455486] PPP generic driver version 2.4.2
[   21.455537] ehci_hcd: USB 2.0 'Enhanced' Host Controller (EHCI) Driver
[   21.455540] ehci-pci: EHCI PCI platform driver
[   21.455555] ehci-platform: EHCI generic platform driver
[   21.455561] ohci_hcd: USB 1.1 'Open' Host Controller (OHCI) Driver
[   21.455563] ohci-pci: OHCI PCI platform driver
[   21.455570] ohci-platform: OHCI generic platform driver
[   21.455576] uhci_hcd: USB Universal Host Controller Interface driver
[   21.455617] i8042: PNP: PS/2 Controller [PNP0303:PS2K,PNP0f03:PS2M] at 0x60,0x64 irq 1,12
[   21.456374] serio: i8042 KBD port at 0x60,0x64 irq 1
[   21.456377] serio: i8042 AUX port at 0x60,0x64 irq 12
[   21.456490] mousedev: PS/2 mouse device common for all mice
[   21.456722] rtc_cmos rtc_cmos: rtc core: registered rtc_cmos as rtc0
[   21.456767] rtc_cmos rtc_cmos: alarms up to one day, 114 bytes nvram
[   21.456772] i2c /dev entries driver
[   21.456810] device-mapper: uevent: version 1.0.3
[   21.456849] device-mapper: ioctl: 4.34.0-ioctl (2015-10-28) initialised: dm-devel@redhat.com
[   21.456867] ledtrig-cpu: registered to indicate activity on CPUs
[   21.457281] NET: Registered protocol family 10
[   21.457387] NET: Registered protocol family 17
[   21.457407] Key type dns_resolver registered
[   21.469383] microcode: CPU0 sig=0x306c3, pf=0x40, revision=0x0
[   21.469400] microcode: CPU1 sig=0x306c3, pf=0x40, revision=0x0
[   21.469456] microcode: Microcode Update Driver: v2.01 <tigran@aivazian.fsnet.co.uk>, Peter Oruba
[   21.469545] registered taskstats version 1
[   21.469556] Loading compiled-in X.509 certificates
[   21.470138] Loaded X.509 cert 'Build time autogenerated kernel key: aa84f01984fbd529c105810b59e379d349698248'
[   21.470153] zswap: loaded using pool lzo/zbud
[   21.471646] Key type trusted registered
[   21.473959] input: AT Translated Set 2 keyboard as /devices/platform/i8042/serio0/input/input2
[   21.474113] Key type encrypted registered
[   21.474116] AppArmor: AppArmor sha1 policy hashing enabled
[   21.474119] ima: No TPM chip found, activating TPM-bypass!
[   21.474130] evm: HMAC attrs: 0x1
[   21.474324]   Magic number: 10:434:932
[   21.475116] rtc_cmos rtc_cmos: setting system clock to 2018-03-20 10:55:55 UTC (1521543355)
[   21.475251] BIOS EDD facility v0.16 2004-Jun-25, 0 devices found
[   21.475251] EDD information not available.
[   22.457003] Freeing unused kernel memory: 1508K
[   22.565497] Write protecting the kernel read-only data: 14336k
[   22.699117] Freeing unused kernel memory: 1700K
[   22.786193] Freeing unused kernel memory: 104K
Loading, please [   22.799648] random: systemd-udevd: uninitialized urandom read (16 bytes read, 3 bits of entropy available)
wait...
starting version 229
[   22.800215] random: udevadm: uninitialized urandom read (16 bytes read, 3 bits of entropy available)
[   22.800233] random: udevadm: uninitialized urandom read (16 bytes read, 3 bits of entropy available)
[   22.809429] random: udevadm: uninitialized urandom read (16 bytes read, 3 bits of entropy available)
[   22.809470] random: udevadm: uninitialized urandom read (16 bytes read, 3 bits of entropy available)
[   22.809605] random: udevadm: uninitialized urandom read (16 bytes read, 3 bits of entropy available)
[   22.809656] random: udevadm: uninitialized urandom read (16 bytes read, 3 bits of entropy available)
[   22.809708] random: udevadm: uninitialized urandom read (16 bytes read, 3 bits of entropy available)
[   22.809759] random: udevadm: uninitialized urandom read (16 bytes read, 3 bits of entropy available)
[   22.809808] random: udevadm: uninitialized urandom read (16 bytes read, 3 bits of entropy available)
[   23.054432] e1000: Intel(R) PRO/1000 Network Driver - version 7.3.21-k8-NAPI
[   23.261212] e1000: Copyright (c) 1999-2006 Intel Corporation.
[   23.394071] Fusion MPT base driver 3.04.20
[   23.394781] Copyright (c) 1999-2008 LSI Corporation
[   23.400532] Fusion MPT SPI Host driver 3.04.20
[   23.410161] AVX2 version of gcm_enc/dec engaged.
[   23.410891] AES CTR mode by8 optimization enabled
[   23.598905] input: ImExPS/2 Generic Explorer Mouse as /devices/platform/i8042/serio1/input/input4
[   23.744326] e1000 0000:00:03.0 eth0: (PCI:33MHz:32-bit) 02:2c:d4:57:a0:4b
[   23.744330] e1000 0000:00:03.0 eth0: Intel(R) PRO/1000 Network Connection
[   23.836902] e1000 0000:00:03.0 enp0s3: renamed from eth0
[   23.837101] mptbase: ioc0: Initiating bringup
[   23.900285] ioc0: LSI53C1030 A0: Capabilities={Initiator}
[   24.070541] scsi host2: ioc0: LSI53C1030 A0, FwRev=00000000h, Ports=1, MaxQ=256, IRQ=20
[   24.228797] scsi 2:0:0:0: Direct-Access     VBOX     HARDDISK         1.0  PQ: 0 ANSI: 5
[   25.847766] scsi target2:0:0: Beginning Domain Validation
[   26.615284] floppy0: no floppy controllers found
[   26.887079] scsi target2:0:0: Domain Validation skipping write tests
[   26.890038] scsi target2:0:0: Ending Domain Validation
[   26.905846] scsi target2:0:0: asynchronous
[   26.907660] scsi 2:0:1:0: Direct-Access     VBOX     HARDDISK         1.0  PQ: 0 ANSI: 5
[   26.933056] scsi target2:0:1: Beginning Domain Validation
[   26.943801] scsi target2:0:1: Domain Validation skipping write tests
[   26.944777] scsi target2:0:1: Ending Domain Validation
[   26.945712] scsi target2:0:1: asynchronous
[   26.951632] sd 2:0:0:0: Attached scsi generic sg0 type 0
[   26.952696] sd 2:0:0:0: [sda] 20971520 512-byte logical blocks: (10.7 GB/10.0 GiB)
[   26.954022] sd 2:0:1:0: Attached scsi generic sg1 type 0
[   26.954891] sd 2:0:1:0: [sdb] 20480 512-byte logical blocks: (10.5 MB/10.0 MiB)
[   26.956255] sd 2:0:0:0: [sda] Write Protect is off
[   26.972757] sd 2:0:1:0: [sdb] Write Protect is off
[   26.976402] sd 2:0:1:0: [sdb] Incomplete mode parameter data
[   26.982157] sd 2:0:1:0: [sdb] Assuming drive cache: write through
[   26.983932] sd 2:0:0:0: [sda] Incomplete mode parameter data
[   26.983934] sd 2:0:0:0: [sda] Assuming drive cache: write through
[   27.004085]  sda: sda1
[   27.075416] sd 2:0:0:0: [sda] Attached SCSI disk
[   27.792671] sd 2:0:1:0: [sdb] Attached SCSI disk
Begin: Loading e[   29.297145] md: linear personality registered for level -1
ssential drivers ... [   29.307440] md: multipath personality registered for level -4
[   29.343266] md: raid0 personality registered for level 0
[   29.369956] md: raid1 personality registered for level 1
[   29.456210] raid6: sse2x1   gen()  8969 MB/s
[   29.547872] raid6: sse2x1   xor()  7054 MB/s
[   29.631893] raid6: sse2x2   gen() 11000 MB/s
[   29.712149] raid6: sse2x2   xor()  8122 MB/s
[   29.788024] raid6: sse2x4   gen() 13444 MB/s
[   29.888185] raid6: sse2x4   xor()  9337 MB/s
[   29.988228] raid6: avx2x1   gen() 16947 MB/s
[   30.087868] raid6: avx2x2   gen() 20026 MB/s
[   30.191936] raid6: avx2x4   gen() 22593 MB/s
[   30.210323] raid6: using algorithm avx2x4 gen() 22593 MB/s
[   30.226555] raid6: using avx2x2 recovery algorithm
[   30.228597] xor: automatically using best checksumming function:
[   30.268060]    avx       : 17932.000 MB/sec
[   30.285988] async_tx: api initialized (async)
[   30.322304] md: raid6 personality registered for level 6
[   30.334666] md: raid5 personality registered for level 5
[   30.340758] md: raid4 personality registered for level 4
[   30.348536] md: raid10 personality registered for level 10
done.
Begin: Running /scripts/init-premount ... done.
Begin: Mounting root file system ... Begin: Running /scripts/local-top ... done.
Begin: Running /scripts/local-premount ... [   30.401873] Btrfs loaded
Scanning for Btrfs filesystems
done.
Warning: fsck not present, so skipping root file system
[   30.601061] EXT4-fs (sda1): mounted filesystem with ordered data mode. Opts: (null)
done.
Begin: Running /scripts/local-bottom ... done.
Begin: Running /scripts/init-bottom ... done.
[   32.313221] random: nonblocking pool is initialized
[   33.051636] systemd[1]: systemd 229 running in system mode. (+PAM +AUDIT +SELINUX +IMA +APPARMOR +SMACK +SYSVINIT +UTMP +LIBCRYPTSETUP +GCRYPT +GNUTLS +ACL +XZ -LZ4 +SECCOMP +BLKID +ELFUTILS +KMOD -IDN)
[   33.242498] systemd[1]: Detected virtualization oracle.
[   33.243322] systemd[1]: Detected architecture x86-64.

Welcome to [1mUbuntu 16.04.4 LTS[0m!

[   33.7942] ysem1]Se htne  <ubuntu-xenial>.

[ 35193]ystmd]:/ec/systemd/system/puma.service:6] Faiedtoar svice type, ignoring: Simple
[   36.165742] systemd[1]: Set up automount Arbitrary Executable File Formats File System Automount Point.
[[0;32m  OK  [0m] Set up automount Arbitrary Executab...ats File System Automount Point.
[ 36929]systemd[1]]: Created slice User and Session Slice.
[[0;32m  OK  [0m] Created slice User and Session Slice.
[  3480413] sstd[: arted Trigger resolvconf update for networkd DNS.

[[0;32m  OK  [0m] Started Trigger resolvconf update for networkd DNS.
[  3665150] ystemd[1]: Started Forward Password Requests to Wall Directory Watch.
[[0;32m  OK  [0m] Started Forward Password Requests to Wall Directory Watch.
[   36.877825] systemd[1]: Listening on Journal Socket.
[[0;32m  OK  [0m] Listening on Journal Socket.
[   36.894335] systemd[1]: Reached target User and Group Name Lookups.
[[0;32m  OK  [0m] Reached target User and Group Name Lookups.
[   36.901757] systemd[1]: Listening on LVM2 poll daemon socket.
[[0;32m  OK  [0m] Listening on LVM2 poll daemon socket.
[   36.959038] systemd[1]: Listening on Syslog Socket.
[[0;32m  OK  [0m] Listening on Syslog Socket.
[   37.024069] systemd[1]: Listening on udev Kernel Socket.
[[0;32m  OK  [0m] Listening on udev Kernel Socket.
[   37.0705]ysmd]: Listeinon Dvice-apper event daemon FIFOs.
[[0;32m  OK  [0m] Listening on Device-mapper event daemon FIFOs.
[   37.478057] systemd[1]: Listening on Journal Audit Socket.
[[0;32m  OK  [0m] Listening on Journal Audit Socket.
[   .579 ste[1]: Listening o uev Control Socket.

[[0;32m  OK  [0m] Listening on udev Control Socket.
[   37.813341] systemd[1]: Reached target Swap.
[[0;32m  OK  [0m] Reached target Swap.
[  37.8416syem[1: Reached target Encrypted Volumes.
[[0;32m  OK  [0m] Reached target Encrypted Volumes.
[ 38645] systemd[1]: Listening on VMmetadtadaemn ckt.

[[0;32m  OK  [0m] Listening on LVM2 metadata daemon socket.
[   38.573696] systemd[1]: Created slice System Slice.
[[0;32m  OK  [0m] Created slice System Slice.
[   38.692433] systemd[1]: Starting Nameserver information manager...
         Starting Nameserver information manager...
[   38.804227] systemd[1]: Starting Load Kernel Modules...
         Starting Load Kernel Modules...
[  38.909785] systemd[1]: Created slice system-serial\x2dgetty.slice.
[[0;32m  OK  [0m] Created slice system-serial\x2dgetty.slice.
[   38.984367] systemd[1]: Mounting Huge Pages File System...
         Mounting Huge Pages File System...
[   39.056905] systemd[1]: Mounting POSIX Message Queue File System...
         [   39.104019] Loading iSCSI transport class v2.0-870.
Mounting POSIX Message Queue File System...
[   39.132918] systemd[1]: Starting Monitoring of LVM2 mirrors, snapshots etc. using dmeventd or progress polling...
         Starting Monitoring of LVM2 mirrors... dmeventd or progress polling...
[   39.223991] systemd[1]: Mounting Debug File System...
         [   39.233397] iscsi: registered transport (tcp)
Mounting Debug File System...
[   39.241232] systemd[1]: Reached target Slices.
[[0;32m  OK  [0m] Reached target Slices.
[   39.249014] systemd[1]: Starting Set console keymap...
         Starting Set console keymap...
[   39.275547] systemd[1]: Starting Create list of required static device nodes for the current kernel...
         Starting Create list of required st... nodes for the current kernel...
[   39.344364] systemd[1]: Starting Uncomplicated firewall...
         Starting Uncomplicated firewall...
[   39.362046] systemd[1]: Starting Remount Root and Kernel File Systems...
         Starting Remount Root and Kernel File Systems...
[   39.411737] systemd[1]: Created slice system-postgresql.slice.
[[0;32m  OK  [0m] Created slice system-postgresql.slice.
[   39.465474] systemd[1]: Listening on /dev/initctl Compatibility Named Pipe.
[   39.467452] EXT4-fs (sda1): re-mounted. Opts: (null)
[[0;32m  OK  [0m] Listening on /dev/initctl Compatibility Named Pipe.
[   39.529455] systemd[1]: Listening on Journal Socket (/dev/log).
[[0;32m  OK  [0m] Listening on Journal Socket (/dev/log).
[   39.549906] iscsi: registered transport (iser)
[   39.584271] systemd[1]: Starting Journal Service...
         Starting Journal Service...
[   39.608195] systemd[1]: Mounted Debug File System.
[[0;32m  OK  [0m] Mounted Debug File System.
[   39.617832] systemd[1]: Mounted Huge Pages File System.
[[0;32m  OK  [0m] Mounted Huge Pages File System.
[   39.624265] systemd[1]: Mounted POSIX Message Queue File System.
[[0;32m  OK  [0m] Mounted POSIX Message Queue File System.
[   39.632981] systemd[1]: Started Load Kernel Modules.
[[0;32m  OK  [0m] Started Load Kernel Modules.
[   39.645326] systemd[1]: Started Set console keymap.
[[0;32m  OK  [0m] Started Set console keymap.
[   39.665124] systemd[1]: Started Create list of required static device nodes for the current kernel.
[[0;32m  OK  [0m] Started Create list of required sta...ce nodes for the current kernel.
[   39.676000] systemd[1]: Started Uncomplicated firewall.
[[0;32m  OK  [0m] Started Uncomplicated firewall.
[   39.678045] systemd[1]: Started Remount Root and Kernel File Systems.
[[0;32m  OK  [0m] Started Remount Root and Kernel File Systems.
[   39.728167] systemd[1]: Started Nameserver information manager.
[[0;32m  OK  [0m] Started Nameserver information manager.
[   39.764405] systemd[1]: Started LVM2 metadata daemon.
[[0;32m  OK  [0m] Started LVM2 metadata daemon.
[   39.776300] systemd[1]: Starting Load/Save Random Seed...
         Starting Load/Save Random Seed...
[   39.804334] systemd[1]: Starting Initial cloud-init job (pre-networking)...
         Starting Initial cloud-init job (pre-networking)...
[   39.972754] systemd[1]: Starting udev Coldplug all Devices...
         Starting udev Coldplug all Devices...
[   40.100642] systemd[1]: Starting Create Static Device Nodes in /dev...
         Starting Create Static Device Nodes in /dev...
[   40.152293] systemd[1]: Mounting FUSE Control File System...
         Mounting FUSE Control File System...
[   40.176840] systemd[1]: Starting Apply Kernel Variables...
         Starting Apply Kernel Variables...
[   40.249382] systemd[1]: Mounted FUSE Control File System.
[[0;32m  OK  [0m] Mounted FUSE Control File System.
[   40.288661] systemd[1]: Started Journal Service.
[[0;32m  OK  [0m] Started Journal Service.
[[0;32m  OK  [0m] Started Load/Save Random Seed.
         Starting Flush Journal to Persistent Storage...
[[0;32m  OK  [0m] Started Apply Kernel Variables.
[[0;32m  OK  [0m] Started udev Coldplug all Devices.
[[0;32m  OK  [0m] Started Flush Journal to Persistent Storage.
[[0;32m  OK  [0m] Started Create Static Device Nodes in /dev.
[[0;32m  OK  [0m] Started Monitoring of LVM2 mirrors,...ng dmeventd or progress polling.
         Starting udev Kernel Device Manager...
[[0;32m  OK  [0m] Started udev Kernel Device Manager.
[[0;32m  OK  [0m] Started Dispatch Password Requests to Console Directory Watch.
[[0;32m  OK  [0m] Reached target Local File Systems (Pre).
[[0;32m  OK  [0m] Reached target Local File Systems.
         Starting Tell Plymouth To Write Out Runtime Data...
         Starting Create Volatile Files and Directories...
         Starting Set console font and keymap...
         Starting LSB: AppArmor initialization...
[[0;32m  OK  [0m] Started Tell Plymouth To Write Out Runtime Data.
[[0;32m  OK  [0m] Found device /dev/ttyS0.
[[0;32m  OK  [0m] Started Create Volatile Files and Directories.
         Starting Update UTMP about System Boot/Shutdown...
[[0;32m  OK  [0m] Reached target System Time Synchronized.
[[0;32m  OK  [0m] Started Update UTMP about System Boot/Shutdown.
[[0;32m  OK  [0m] Started Set console font and keymap.
[[0;32m  OK  [0m] Created slice system-getty.slice.
[[0;32m  OK  [0m] Found device 82540EM Gigabit Ethern...r (PRO/1000 MT Desktop Adapter).
[[0;32m  OK  [0m] Listening on Load/Save RF Kill Switch Status /dev/rfkill Watch.
[[0;32m  OK  [0m] Started LSB: AppArmor initialization.
[   33.349082] cloud-init[440]: Cloud-init v. 17.2 running 'init-local' at Tue, 20 Mar 2018 10:56:19 +0000. Up 32.46 seconds.
[[0;32m  OK  [0m] Started Initial cloud-init job (pre-networking).
[[0;32m  OK  [0m] Reached target Network (Pre).
         Starting Raise network interfaces...
[[0;32m  OK  [0m] Started ifup for enp0s3.
[[0;32m  OK  [0m] Started Raise network interfaces.
[[0;32m  OK  [0m] Reached target Network.
         Starting Initial cloud-init job (metadata service crawler)...
[   35.345281] cloud-init[975]: Cloud-init v. 17.2 running 'init' at Tue, 20 Mar 2018 10:56:21 +0000. Up 34.26 seconds.
[[   35.469485] cloud-init[975]: ci-info: +++++++++++++++++++++++++++++++++++++Net device info++++++++++++++++++++++++++++++++++++++
[0;32m  OK  [0m] Started Initial cloud-init job (metadata service crawler).
[   35.469774] cloud-init[975]: ci-info: +--------+------+----------------------------+---------------+-------+-------------------+
[   35.748702] cloud-init[975]: ci-info: | Device |  Up  |          Address           |      Mask     | Scope |     Hw-Address    |
[   35.748962] cloud-init[975]: ci-info: +--------+------+----------------------------+---------------+-------+-------------------+
[[0;32m  OK  [0m] Reached target Cloud-config availability.
[[   35.749094] cloud-init[975]: ci-info: | enp0s3 | True |         10.0.2.15          | 255.255.255.0 |   .   | 02:2c:d4:57:a0:4b |
[   35.845143] cloud-init[975]: ci-info: | enp0s3 | True | fe80::2c:d4ff:fe57:a04b/64 |       .       |  link | 02:2c:d4:57:a0:4b |
[   35.845210] cloud-init[975]: ci-info: |   lo   | True |         127.0.0.1          |   255.0.0.0   |   .   |         .         |
[   35.845319] cloud-init[975]: ci-info: |   lo   | True |          ::1/128           |       .       |  host |         .         |
[   35.845429] cloud-init[975]: ci-info: +--------+------+----------------------------+---------------+-------+-------------------+
[   35.845541] cloud-init[975]: ci-info: +++++++++++++++++++++++++++Route IPv4 info++++++++++++++++++++++++++++
[   35.845689] cloud-init[975]: ci-info: +-------+-------------+----------+---------------+-----------+-------+
[   35.845798] cloud-init[975]: ci-info: | Route | Destination | Gateway  |    Genmask    | Interface | Flags |
[   35.845910] cloud-init[975]: ci-info: +-------+-------------+----------+---------------+-----------+-------+
[   35.846028] cloud-init[975]: ci-info: |   0   |   0.0.0.0   | 10.0.2.2 |    0.0.0.0    |   enp0s3  |   UG  |
[   35.846268] cloud-init[975]: ci-info: |   1   |   10.0.2.0  | 0.0.0.0  | 255.255.255.0 |   enp0s3  |   U   |
[   35.846412] cloud-init[975]: ci-info: +-------+-------------+----------+---------------+-----------+-------+
[0;32m  OK  [0m] Reached target System Initialization.
[[0;32m  OK  [0m] Started Daily Cleanup of Temporary Directories.
[[0;32m  OK  [0m] Started Daily apt download activities.
[[0;32m  OK  [0m] Started Daily apt upgrade and clean activities.
[[0;32m  OK  [0m] Listening on ACPID Listen Socket.
[[0;32m  OK  [0m] Started ACPI Events Check.
[[0;32m  OK  [0m] Reached target Paths.
[[0;32m  OK  [0m] Listening on D-Bus System Message Bus Socket.
[[0;32m  OK  [0m] Started Timer to automatically refresh installed snaps.
[[0;32m  OK  [0m] Reached target Timers.
[[0;32m  OK  [0m] Listening on UUID daemon activation socket.
         Starting Socket activation for snappy daemon.
         Starting LXD - unix socket.
[[0;32m  OK  [0m] Reached target Network is Online.
         Starting iSCSI initiator daemon (iscsid)...
[[0;32m  OK  [0m] Listening on Socket activation for snappy daemon.
[[0;32m  OK  [0m] Listening on LXD - unix socket.
[[0;32m  OK  [0m] Reached target Sockets.
[[0;32m  OK  [0m] Reached target Basic System.
         Starting Login Service...
         Starting /etc/rc.local Compatibility...
[[0;32m  OK  [0m] Started D-Bus System Message Bus.
         Starting System Logging Service...
         Starting Accounts Service...
         Starting Pollinate to seed the pseudo random number generator...
[[0;32m  OK  [0m] Started Puma HTTP Server.
[[0;32m  OK  [0m] Started Regular background program processing daemon.
[[0;32m  OK  [0m] Started FUSE filesystem for LXC.
         Starting LSB: MD monitoring daemon...
[[0;32m  OK  [0m] Started Unattended Upgrades Shutdown.
         Starting LXD - container startup/shutdown...
         Starting Apply the settings specified in cloud-config...
[[0;32m  OK  [0m] Started ACPI event daemon.
[[0;32m  OK  [0m] Started Deferred execution scheduler.
         Starting PostgreSQL Cluster 9.5-main...
         Starting LSB: Record successful boot for GRUB...
         Starting Snappy daemon...
[[0;32m  OK  [0m] Started /etc/rc.local Compatibility.
[[0;32m  OK  [0m] Started Login Service.
[[0;32m  OK  [0m] Started iSCSI initiator daemon (iscsid).
         Starting Login to default iSCSI targets...
[[0;32m  OK  [0m] Started LSB: Record successful boot for GRUB.
[[0;32m  OK  [0m] Started System Logging Service.
[[0;32m  OK  [0m] Started LSB: MD monitoring daemon.
[   39.340308] cloud-init[1055]: Cloud-init v. 17.2 running 'modules:config' at Tue, 20 Mar 2018 10:56:25 +0000. Up 38.28 seconds.
[[0;32m  OK  [0m] Started Apply the settings specified in cloud-config.
[[0;32m  OK  [0m] Started Login to default iSCSI targets.
[[0;32m  OK  [0m] Reached target Remote File Systems (Pre).
[[0;32m  OK  [0m] Reached target Remote File Systems.
         Starting LSB: Set the CPU Frequency Scaling governor to "ondemand"...
         Starting LSB: automatic crash report generation...
         Starting LSB: VirtualBox Linux Additions...
         Starting Permit User Sessions...
         Starting LSB: Start/stop sysstat's sadc...
         Starting LSB: daemon to bblance interrupts for SMP systems...
[[0;32m  OK  [0m] Started LSB: Set the CPU Frequency Scaling governor to "ondemand".
[[0;32m  OK  [0m] Started Permit User Sessions.
         Starting Hold until boot process finishes up...
         Starting Terminate Plymouth Boot Screen...
[[0;32m  OK  [0m] Started Hold until boot process finishes up.
[[0;32m  OK  [0m] Started Terminate Plymouth Boot Screen.
[[0;32m  OK  [0m] Started Getty on tty1.
         Starting Set console scheme...
[[0;32m  OK  [0m] Started Serial Getty on ttyS0.
[[0;32m  OK  [0m] Reached target Login Prompts.
[[0;32m  OK  [0m] Started LSB: Start/stop sysstat's sadc.
[[0;32m  OK  [0m] Started Set console scheme.
[[0;32m  OK  [0m] Started LSB: daemon to balance interrupts for SMP systems.
[[0;32m  OK  [0m] Started LSB: automatic crash report generation.
         Starting Authenticate and Authorize Users to Run Privileged Tasks...
[[0;32m  OK  [0m] Started LSB: VirtualBox Linux Additions.
[[0;32m  OK  [0m] Started Authenticate and Authorize Users to Run Privileged Tasks.
[[0;32m  OK  [0m] Started Accounts Service.

Ubuntu 16.04.4 LTS ubuntu-xenial ttyS0

ubuntu-xenial login: [   57.432998] cloud-init[1498]: Cloud-init v. 17.2 running 'modules:final' at Tue, 20 Mar 2018 10:56:44 +0000. Up 57.01 seconds.
[   57.433262] cloud-init[1498]: Cloud-init v. 17.2 finished at Tue, 20 Mar 2018 10:56:44 +0000. Datasource DataSourceNoCloud [seed=/dev/sdb][dsmode=net].  Up 57.42 seconds
